\BOOKMARK [1][-]{section.1}{\376\377\000I\000n\000t\000r\000o\000d\000u\000c\000c\000i\000\363\000n}{}% 1
\BOOKMARK [1][-]{section.2}{\376\377\000D\000i\000s\000p\000o\000s\000i\000t\000i\000v\000o\000\040\000B\000a\000j\000o\000\040\000P\000r\000u\000e\000b\000a}{}% 2
\BOOKMARK [2][-]{subsection.2.1}{\376\377\000D\000e\000s\000c\000r\000i\000p\000c\000i\000\363\000n\000\040\000d\000e\000l\000\040\000D\000U\000T}{section.2}% 3
\BOOKMARK [2][-]{subsection.2.2}{\376\377\000I\000n\000t\000e\000r\000f\000a\000c\000e\000s\000\040\000y\000\040\000S\000e\000\361\000a\000l\000e\000s}{section.2}% 4
\BOOKMARK [2][-]{subsection.2.3}{\376\377\000M\000a\000p\000a\000\040\000d\000e\000\040\000r\000e\000g\000i\000s\000t\000r\000o\000s}{section.2}% 5
\BOOKMARK [2][-]{subsection.2.4}{\376\377\000R\000e\000g\000l\000a\000\040\000d\000e\000\040\000a\000l\000i\000n\000e\000a\000m\000i\000e\000n\000t\000o\000\040\000l\000e\000g\000a\000l}{section.2}% 6
\BOOKMARK [1][-]{section.3}{\376\377\000A\000r\000q\000u\000i\000t\000e\000c\000t\000u\000r\000a\000\040\000d\000e\000l\000\040\000A\000m\000b\000i\000e\000n\000t\000e\000\040\000d\000e\000\040\000V\000e\000r\000i\000f\000i\000c\000a\000c\000i\000\363\000n}{}% 7
\BOOKMARK [2][-]{subsection.3.1}{\376\377\000C\000o\000n\000e\000x\000i\000o\000n\000e\000s\000\040\000d\000e\000\040\000a\000n\000\341\000l\000i\000s\000i\000s\000\040\000y\000\040\000d\000e\000l\000\040\000R\000A\000L}{section.3}% 8
\BOOKMARK [1][-]{section.4}{\376\377\000D\000e\000s\000c\000r\000i\000p\000c\000i\000\363\000n\000\040\000d\000e\000\040\000l\000o\000s\000\040\000C\000o\000m\000p\000o\000n\000e\000n\000t\000e\000s}{}% 9
\BOOKMARK [2][-]{subsection.4.1}{\376\377\000S\000e\000q\000u\000e\000n\000c\000e\000\040\000i\000t\000e\000m\000s}{section.4}% 10
\BOOKMARK [3][-]{subsubsection.4.1.1}{\376\377\000a\000p\000b\000\137\000s\000e\000q\000\137\000i\000t\000e\000m}{subsection.4.1}% 11
\BOOKMARK [3][-]{subsubsection.4.1.2}{\376\377\000m\000d\000\137\000s\000e\000q\000\137\000i\000t\000e\000m}{subsection.4.1}% 12
\BOOKMARK [2][-]{subsection.4.2}{\376\377\000S\000e\000c\000u\000e\000n\000c\000i\000a\000s}{section.4}% 13
\BOOKMARK [3][-]{subsubsection.4.2.1}{\376\377\000a\000p\000b\000\137\000s\000e\000q\000u\000e\000n\000c\000e}{subsection.4.2}% 14
\BOOKMARK [3][-]{subsubsection.4.2.2}{\376\377\000m\000d\000\137\000r\000x\000\137\000m\000u\000l\000t\000i\000p\000l\000e\000\137\000s\000e\000q}{subsection.4.2}% 15
\BOOKMARK [2][-]{subsection.4.3}{\376\377\000D\000r\000i\000v\000e\000r\000s}{section.4}% 16
\BOOKMARK [3][-]{subsubsection.4.3.1}{\376\377\000a\000p\000b\000\137\000d\000r\000i\000v\000e\000r}{subsection.4.3}% 17
\BOOKMARK [3][-]{subsubsection.4.3.2}{\376\377\000m\000d\000\137\000r\000x\000\137\000d\000r\000i\000v\000e\000r}{subsection.4.3}% 18
\BOOKMARK [3][-]{subsubsection.4.3.3}{\376\377\000m\000d\000\137\000t\000x\000\137\000d\000r\000i\000v\000e\000r}{subsection.4.3}% 19
\BOOKMARK [2][-]{subsection.4.4}{\376\377\000M\000o\000n\000i\000t\000o\000r\000e\000s}{section.4}% 20
\BOOKMARK [3][-]{subsubsection.4.4.1}{\376\377\000a\000p\000b\000\137\000m\000o\000n\000i\000t\000o\000r}{subsection.4.4}% 21
\BOOKMARK [3][-]{subsubsection.4.4.2}{\376\377\000m\000d\000\137\000m\000o\000n\000i\000t\000o\000r}{subsection.4.4}% 22
\BOOKMARK [2][-]{subsection.4.5}{\376\377\000A\000g\000e\000n\000t\000e\000s}{section.4}% 23
\BOOKMARK [2][-]{subsection.4.6}{\376\377\000A\000d\000a\000p\000t\000a\000d\000o\000r\000\040\000y\000\040\000R\000A\000L}{section.4}% 24
\BOOKMARK [2][-]{subsection.4.7}{\376\377\000S\000c\000o\000r\000e\000b\000o\000a\000r\000d}{section.4}% 25
\BOOKMARK [2][-]{subsection.4.8}{\376\377\000E\000n\000v\000i\000r\000o\000n\000m\000e\000n\000t\000\040\000y\000\040\000T\000e\000s\000t}{section.4}% 26
\BOOKMARK [1][-]{section.5}{\376\377\000M\000e\000t\000o\000d\000o\000l\000o\000g\000\355\000a\000:\000\040\000R\000e\000s\000t\000r\000i\000c\000c\000i\000o\000n\000e\000s\000\040\000P\000o\000n\000d\000e\000r\000a\000d\000a\000s\000\040\000y\000\040\000P\000l\000u\000s\000a\000r\000g\000s}{}% 27
\BOOKMARK [1][-]{section.6}{\376\377\000P\000l\000a\000n\000\040\000d\000e\000\040\000P\000r\000u\000e\000b\000a\000s}{}% 28
\BOOKMARK [1][-]{section.7}{\376\377\000C\000a\000s\000o\000s\000\040\000d\000e\000\040\000E\000s\000q\000u\000i\000n\000a}{}% 29
\BOOKMARK [2][-]{subsection.7.1}{\376\377\000C\000a\000s\000o\000s\000\040\000l\000\355\000m\000i\000t\000e\000\040\000d\000e\000\040\000l\000a\000\040\000r\000e\000g\000l\000a\000\040\000d\000e\000\040\000a\000l\000i\000n\000e\000a\000m\000i\000e\000n\000t\000o}{section.7}% 30
\BOOKMARK [2][-]{subsection.7.2}{\376\377\000C\000a\000s\000o\000s\000\040\000l\000\355\000m\000i\000t\000e\000\040\000d\000e\000l\000\040\000c\000o\000n\000t\000a\000d\000o\000r\000\040\000d\000e\000\040\000d\000r\000o\000p\000s\000\040\000e\000\040\000i\000n\000t\000e\000r\000r\000u\000p\000c\000i\000\363\000n}{section.7}% 31
\BOOKMARK [2][-]{subsection.7.3}{\376\377\000C\000a\000s\000o\000s\000\040\000l\000\355\000m\000i\000t\000e\000\040\000d\000e\000\040\000l\000a\000s\000\040\000F\000I\000F\000O\000s}{section.7}% 32
\BOOKMARK [2][-]{subsection.7.4}{\376\377\000C\000a\000s\000o\000s\000\040\000l\000\355\000m\000i\000t\000e\000\040\000d\000e\000\040\000c\000o\000n\000f\000i\000g\000u\000r\000a\000c\000i\000\363\000n}{section.7}% 33
\BOOKMARK [1][-]{section.8}{\376\377\000F\000l\000u\000j\000o\000\040\000d\000e\000\040\000E\000j\000e\000c\000u\000c\000i\000\363\000n}{}% 34
\BOOKMARK [1][-]{section.9}{\376\377\000R\000e\000s\000u\000l\000t\000a\000d\000o\000s}{}% 35
\BOOKMARK [1][-]{section.10}{\376\377\000C\000o\000b\000e\000r\000t\000u\000r\000a}{}% 36
\BOOKMARK [2][-]{subsection.10.1}{\376\377\000P\000l\000a\000n\000\040\000d\000e\000\040\000C\000o\000b\000e\000r\000t\000u\000r\000a\000\040\000F\000u\000n\000c\000i\000o\000n\000a\000l}{section.10}% 37
\BOOKMARK [3][-]{subsubsection.10.1.1}{\376\377\000C\000o\000b\000e\000r\000t\000u\000r\000a\000\040\000d\000e\000l\000\040\000r\000e\000g\000i\000s\000t\000r\000o\000\040\000C\000T\000R\000L}{subsection.10.1}% 38
\BOOKMARK [3][-]{subsubsection.10.1.2}{\376\377\000C\000o\000b\000e\000r\000t\000u\000r\000a\000\040\000d\000e\000l\000\040\000r\000e\000g\000i\000s\000t\000r\000o\000\040\000S\000T\000A\000T\000U\000S}{subsection.10.1}% 39
\BOOKMARK [3][-]{subsubsection.10.1.3}{\376\377\000C\000o\000b\000e\000r\000t\000u\000r\000a\000\040\000d\000e\000\040\000I\000R\000Q\000E\000N\000\040\000e\000\040\000I\000R\000Q}{subsection.10.1}% 40
\BOOKMARK [3][-]{subsubsection.10.1.4}{\376\377\000C\000o\000b\000e\000r\000t\000u\000r\000a\000\040\000d\000e\000\040\000l\000o\000s\000\040\000c\000a\000n\000a\000l\000e\000s\000\040\000M\000D}{subsection.10.1}% 41
\BOOKMARK [2][-]{subsection.10.2}{\376\377\000C\000o\000b\000e\000r\000t\000u\000r\000a\000\040\000E\000s\000t\000r\000u\000c\000t\000u\000r\000a\000l}{section.10}% 42
\BOOKMARK [2][-]{subsection.10.3}{\376\377\000C\000o\000b\000e\000r\000t\000u\000r\000a\000\040\000F\000u\000n\000c\000i\000o\000n\000a\000l\000\040\000d\000e\000\040\000R\000e\000g\000i\000s\000t\000r\000o\000s\000\040\000y\000\040\000C\000a\000n\000a\000l\000e\000s\000\040\000M\000D}{section.10}% 43
\BOOKMARK [2][-]{subsection.10.4}{\376\377\000L\000e\000c\000t\000u\000r\000a\000\040\000d\000e\000\040\000l\000o\000s\000\040\000P\000o\000r\000c\000e\000n\000t\000a\000j\000e\000s\000\040\000F\000a\000l\000t\000a\000n\000t\000e\000s}{section.10}% 44
\BOOKMARK [2][-]{subsection.10.5}{\376\377\000A\000s\000e\000r\000c\000i\000o\000n\000e\000s\000\040\000\050\000S\000V\000A\000\051}{section.10}% 45
\BOOKMARK [1][-]{section.11}{\376\377\000C\000o\000n\000c\000l\000u\000s\000i\000o\000n\000e\000s}{}% 46
\BOOKMARK [1][-]{section*.1}{\376\377\000A\000p\000\351\000n\000d\000i\000c\000e\000\040\000A\000:\000\040\000F\000i\000g\000u\000r\000a\000s\000\040\000y\000\040\000C\000u\000a\000d\000r\000o\000s\000\040\000C\000o\000m\000p\000l\000e\000m\000e\000n\000t\000a\000r\000i\000o\000s}{}% 47
\BOOKMARK [1][-]{section*.2}{\376\377\000R\000e\000f\000e\000r\000e\000n\000c\000i\000a\000s}{}% 48
