This is pdfTeX, Version 3.141592653-2.6-1.40.29 (MiKTeX 26.2) (preloaded format=pdflatex 2026.4.23)  8 JUN 2026 02:54
entering extended mode
 restricted \write18 enabled.
 %&-line parsing enabled.
**./Informe_Aligner_ESegura_ESanchez.tex
(Informe_Aligner_ESegura_ESanchez.tex
LaTeX2e <2025-11-01>
L3 programming layer <2026-03-20>
(C:\Users\esteb\AppData\Local\Programs\MiKTeX\tex/latex/ieeetran\IEEEtran.cls
Document Class: IEEEtran 2015/08/26 V1.8b by Michael Shell
-- See the "IEEEtran_HOWTO" manual for usage information.
-- http://www.michaelshell.org/tex/ieeetran/
\@IEEEtrantmpdimenA=\dimen150
\@IEEEtrantmpdimenB=\dimen151
\@IEEEtrantmpdimenC=\dimen152
\@IEEEtrantmpcountA=\count275
\@IEEEtrantmpcountB=\count276
\@IEEEtrantmpcountC=\count277
\@IEEEtrantmptoksA=\toks17
LaTeX Font Info:    Trying to load font information for OT1+ptm on input line 5
03.
(C:\Users\esteb\AppData\Local\Programs\MiKTeX\tex/latex/psnfss\ot1ptm.fd
File: ot1ptm.fd 2001/06/04 font definitions for OT1/ptm.
)
-- Using 8.5in x 11in (letter) paper.
-- Using PDF output.
\@IEEEnormalsizeunitybaselineskip=\dimen153
-- This is a 10 point document.
LaTeX Encoding Info:    Redeclaring text command \textunderscore (encoding ?) o
n input line 937.
\CLASSINFOnormalsizebaselineskip=\dimen154
\CLASSINFOnormalsizeunitybaselineskip=\dimen155
\IEEEnormaljot=\dimen156
LaTeX Font Info:    Font shape `OT1/ptm/bx/n' in size <5> not available
(Font)              Font shape `OT1/ptm/b/n' tried instead on input line 1090.
LaTeX Font Info:    Font shape `OT1/ptm/bx/it' in size <5> not available
(Font)              Font shape `OT1/ptm/b/it' tried instead on input line 1090.

LaTeX Font Info:    Font shape `OT1/ptm/bx/n' in size <7> not available
(Font)              Font shape `OT1/ptm/b/n' tried instead on input line 1090.
LaTeX Font Info:    Font shape `OT1/ptm/bx/it' in size <7> not available
(Font)              Font shape `OT1/ptm/b/it' tried instead on input line 1090.

LaTeX Font Info:    Font shape `OT1/ptm/bx/n' in size <8> not available
(Font)              Font shape `OT1/ptm/b/n' tried instead on input line 1090.
LaTeX Font Info:    Font shape `OT1/ptm/bx/it' in size <8> not available
(Font)              Font shape `OT1/ptm/b/it' tried instead on input line 1090.

LaTeX Font Info:    Font shape `OT1/ptm/bx/n' in size <9> not available
(Font)              Font shape `OT1/ptm/b/n' tried instead on input line 1090.
LaTeX Font Info:    Font shape `OT1/ptm/bx/it' in size <9> not available
(Font)              Font shape `OT1/ptm/b/it' tried instead on input line 1090.

LaTeX Font Info:    Font shape `OT1/ptm/bx/n' in size <10> not available
(Font)              Font shape `OT1/ptm/b/n' tried instead on input line 1090.
LaTeX Font Info:    Font shape `OT1/ptm/bx/it' in size <10> not available
(Font)              Font shape `OT1/ptm/b/it' tried instead on input line 1090.

LaTeX Font Info:    Font shape `OT1/ptm/bx/n' in size <11> not available
(Font)              Font shape `OT1/ptm/b/n' tried instead on input line 1090.
LaTeX Font Info:    Font shape `OT1/ptm/bx/it' in size <11> not available
(Font)              Font shape `OT1/ptm/b/it' tried instead on input line 1090.

LaTeX Font Info:    Font shape `OT1/ptm/bx/n' in size <12> not available
(Font)              Font shape `OT1/ptm/b/n' tried instead on input line 1090.
LaTeX Font Info:    Font shape `OT1/ptm/bx/it' in size <12> not available
(Font)              Font shape `OT1/ptm/b/it' tried instead on input line 1090.

LaTeX Font Info:    Font shape `OT1/ptm/bx/n' in size <17> not available
(Font)              Font shape `OT1/ptm/b/n' tried instead on input line 1090.
LaTeX Font Info:    Font shape `OT1/ptm/bx/it' in size <17> not available
(Font)              Font shape `OT1/ptm/b/it' tried instead on input line 1090.

LaTeX Font Info:    Font shape `OT1/ptm/bx/n' in size <20> not available
(Font)              Font shape `OT1/ptm/b/n' tried instead on input line 1090.
LaTeX Font Info:    Font shape `OT1/ptm/bx/it' in size <20> not available
(Font)              Font shape `OT1/ptm/b/it' tried instead on input line 1090.

LaTeX Font Info:    Font shape `OT1/ptm/bx/n' in size <24> not available
(Font)              Font shape `OT1/ptm/b/n' tried instead on input line 1090.
LaTeX Font Info:    Font shape `OT1/ptm/bx/it' in size <24> not available
(Font)              Font shape `OT1/ptm/b/it' tried instead on input line 1090.

\IEEEquantizedlength=\dimen157
\IEEEquantizedlengthdiff=\dimen158
\IEEEquantizedtextheightdiff=\dimen159
\IEEEilabelindentA=\dimen160
\IEEEilabelindentB=\dimen161
\IEEEilabelindent=\dimen162
\IEEEelabelindent=\dimen163
\IEEEdlabelindent=\dimen164
\IEEElabelindent=\dimen165
\IEEEiednormlabelsep=\dimen166
\IEEEiedmathlabelsep=\dimen167
\IEEEiedtopsep=\skip49
\c@section=\count278
\c@subsection=\count279
\c@subsubsection=\count280
\c@paragraph=\count281
\c@IEEEsubequation=\count282
\abovecaptionskip=\skip50
\belowcaptionskip=\skip51
\c@figure=\count283
\c@table=\count284
\@IEEEeqnnumcols=\count285
\@IEEEeqncolcnt=\count286
\@IEEEsubeqnnumrollback=\count287
\@IEEEquantizeheightA=\dimen168
\@IEEEquantizeheightB=\dimen169
\@IEEEquantizeheightC=\dimen170
\@IEEEquantizeprevdepth=\dimen171
\@IEEEquantizemultiple=\count288
\@IEEEquantizeboxA=\box53
\@IEEEtmpitemindent=\dimen172
\IEEEPARstartletwidth=\dimen173
\c@IEEEbiography=\count289
\@IEEEtranrubishbin=\box54
)
** ATTENTION: Overriding command lockouts (line 2).
(C:\Users\esteb\AppData\Local\Programs\MiKTeX\tex/latex/cite\cite.sty
LaTeX Info: Redefining \cite on input line 302.
LaTeX Info: Redefining \nocite on input line 332.
Package: cite 2015/02/27  v 5.5
)
(C:\Users\esteb\AppData\Local\Programs\MiKTeX\tex/latex/amsmath\amsmath.sty
Package: amsmath 2025/07/09 v2.17z AMS math features
\@mathmargin=\skip52

For additional information on amsmath, use the `?' option.
(C:\Users\esteb\AppData\Local\Programs\MiKTeX\tex/latex/amsmath\amstext.sty
Package: amstext 2024/11/17 v2.01 AMS text

(C:\Users\esteb\AppData\Local\Programs\MiKTeX\tex/latex/amsmath\amsgen.sty
File: amsgen.sty 1999/11/30 v2.0 generic functions
\@emptytoks=\toks18
\ex@=\dimen174
))
(C:\Users\esteb\AppData\Local\Programs\MiKTeX\tex/latex/amsmath\amsbsy.sty
Package: amsbsy 1999/11/29 v1.2d Bold Symbols
\pmbraise@=\dimen175
)
(C:\Users\esteb\AppData\Local\Programs\MiKTeX\tex/latex/amsmath\amsopn.sty
Package: amsopn 2022/04/08 v2.04 operator names
)
\inf@bad=\count290
LaTeX Info: Redefining \frac on input line 233.
\uproot@=\count291
\leftroot@=\count292
LaTeX Info: Redefining \overline on input line 398.
LaTeX Info: Redefining \colon on input line 409.
\classnum@=\count293
\DOTSCASE@=\count294
LaTeX Info: Redefining \ldots on input line 495.
LaTeX Info: Redefining \dots on input line 498.
LaTeX Info: Redefining \cdots on input line 619.
\Mathstrutbox@=\box55
\strutbox@=\box56
LaTeX Info: Redefining \big on input line 721.
LaTeX Info: Redefining \Big on input line 722.
LaTeX Info: Redefining \bigg on input line 723.
LaTeX Info: Redefining \Bigg on input line 724.
\big@size=\dimen176
LaTeX Font Info:    Redeclaring font encoding OML on input line 742.
LaTeX Font Info:    Redeclaring font encoding OMS on input line 743.
\macc@depth=\count295
LaTeX Info: Redefining \bmod on input line 904.
LaTeX Info: Redefining \pmod on input line 909.
LaTeX Info: Redefining \smash on input line 939.
LaTeX Info: Redefining \relbar on input line 969.
LaTeX Info: Redefining \Relbar on input line 970.
\c@MaxMatrixCols=\count296
\dotsspace@=\muskip17
\c@parentequation=\count297
\dspbrk@lvl=\count298
\tag@help=\toks19
\row@=\count299
\column@=\count300
\maxfields@=\count301
\andhelp@=\toks20
\eqnshift@=\dimen177
\alignsep@=\dimen178
\tagshift@=\dimen179
\tagwidth@=\dimen180
\totwidth@=\dimen181
\lineht@=\dimen182
\@envbody=\toks21
\multlinegap=\skip53
\multlinetaggap=\skip54
\mathdisplay@stack=\toks22
LaTeX Info: Redefining \[ on input line 2950.
LaTeX Info: Redefining \] on input line 2951.
)
(C:\Users\esteb\AppData\Local\Programs\MiKTeX\tex/latex/amsfonts\amssymb.sty
Package: amssymb 2013/01/14 v3.01 AMS font symbols

(C:\Users\esteb\AppData\Local\Programs\MiKTeX\tex/latex/amsfonts\amsfonts.sty
Package: amsfonts 2013/01/14 v3.01 Basic AMSFonts support
\symAMSa=\mathgroup4
\symAMSb=\mathgroup5
LaTeX Font Info:    Redeclaring math symbol \hbar on input line 98.
LaTeX Font Info:    Overwriting math alphabet `\mathfrak' in version `bold'
(Font)                  U/euf/m/n --> U/euf/b/n on input line 106.
))
(C:\Users\esteb\AppData\Local\Programs\MiKTeX\tex/latex/algorithms\algorithmic.
sty
Package: algorithmic 2009/08/24 v0.1 Document Style `algorithmic'
 (C:\Users\esteb\AppData\Local\Programs\MiKTeX\tex/latex/base\ifthen.sty
Package: ifthen 2024/03/16 v1.1e Standard LaTeX ifthen package (DPC)
)
(C:\Users\esteb\AppData\Local\Programs\MiKTeX\tex/latex/graphics\keyval.sty
Package: keyval 2022/05/29 v1.15 key=value parser (DPC)
\KV@toks@=\toks23
)
\c@ALC@unique=\count302
\c@ALC@line=\count303
\c@ALC@rem=\count304
\c@ALC@depth=\count305
\ALC@tlm=\skip55
\algorithmicindent=\skip56
)
(C:\Users\esteb\AppData\Local\Programs\MiKTeX\tex/latex/graphics\graphicx.sty
Package: graphicx 2024/12/31 v1.2e Enhanced LaTeX Graphics (DPC,SPQR)

(C:\Users\esteb\AppData\Local\Programs\MiKTeX\tex/latex/graphics\graphics.sty
Package: graphics 2024/08/06 v1.4g Standard LaTeX Graphics (DPC,SPQR)

(C:\Users\esteb\AppData\Local\Programs\MiKTeX\tex/latex/graphics\trig.sty
Package: trig 2023/12/02 v1.11 sin cos tan (DPC)
)
(C:\Users\esteb\AppData\Local\Programs\MiKTeX\tex/latex/graphics-cfg\graphics.c
fg
File: graphics.cfg 2016/06/04 v1.11 sample graphics configuration
)
Package graphics Info: Driver file: pdftex.def on input line 106.

(C:\Users\esteb\AppData\Local\Programs\MiKTeX\tex/latex/graphics-def\pdftex.def
File: pdftex.def 2025/09/29 v1.2d Graphics/color driver for pdftex
))
\Gin@req@height=\dimen183
\Gin@req@width=\dimen184
) (C:\Users\esteb\AppData\Local\Programs\MiKTeX\tex/latex/base\textcomp.sty
Package: textcomp 2024/04/24 v2.1b Standard LaTeX package
)
(C:\Users\esteb\AppData\Local\Programs\MiKTeX\tex/latex/xcolor\xcolor.sty
Package: xcolor 2024/09/29 v3.02 LaTeX color extensions (UK)

(C:\Users\esteb\AppData\Local\Programs\MiKTeX\tex/latex/graphics-cfg\color.cfg
File: color.cfg 2016/01/02 v1.6 sample color configuration
)
Package xcolor Info: Driver file: pdftex.def on input line 274.
(C:\Users\esteb\AppData\Local\Programs\MiKTeX\tex/latex/graphics\mathcolor.ltx)
Package xcolor Info: Model `cmy' substituted by `cmy0' on input line 1349.
Package xcolor Info: Model `hsb' substituted by `rgb' on input line 1353.
Package xcolor Info: Model `RGB' extended on input line 1365.
Package xcolor Info: Model `HTML' substituted by `rgb' on input line 1367.
Package xcolor Info: Model `Hsb' substituted by `hsb' on input line 1368.
Package xcolor Info: Model `tHsb' substituted by `hsb' on input line 1369.
Package xcolor Info: Model `HSB' substituted by `hsb' on input line 1370.
Package xcolor Info: Model `Gray' substituted by `gray' on input line 1371.
Package xcolor Info: Model `wave' substituted by `hsb' on input line 1372.
) (C:\Users\esteb\AppData\Local\Programs\MiKTeX\tex/latex/booktabs\booktabs.sty
Package: booktabs 2020/01/12 v1.61803398 Publication quality tables
\heavyrulewidth=\dimen185
\lightrulewidth=\dimen186
\cmidrulewidth=\dimen187
\belowrulesep=\dimen188
\belowbottomsep=\dimen189
\aboverulesep=\dimen190
\abovetopsep=\dimen191
\cmidrulesep=\dimen192
\cmidrulekern=\dimen193
\defaultaddspace=\dimen194
\@cmidla=\count306
\@cmidlb=\count307
\@aboverulesep=\dimen195
\@belowrulesep=\dimen196
\@thisruleclass=\count308
\@lastruleclass=\count309
\@thisrulewidth=\dimen197
) (C:\Users\esteb\AppData\Local\Programs\MiKTeX\tex/latex/tools\array.sty
Package: array 2025/09/25 v2.6n Tabular extension package (FMi)
\col@sep=\dimen198
\ar@mcellbox=\box57
\extrarowheight=\dimen199
\NC@list=\toks24
\extratabsurround=\skip57
\backup@length=\skip58
\ar@cellbox=\box58
)
(C:\Users\esteb\AppData\Local\Programs\MiKTeX\tex/latex/listings\listings.sty
\lst@mode=\count310
\lst@gtempboxa=\box59
\lst@token=\toks25
\lst@length=\count311
\lst@currlwidth=\dimen256
\lst@column=\count312
\lst@pos=\count313
\lst@lostspace=\dimen257
\lst@width=\dimen258
\lst@newlines=\count314
\lst@lineno=\count315
\lst@maxwidth=\dimen259

(C:\Users\esteb\AppData\Local\Programs\MiKTeX\tex/latex/listings\lstpatch.sty
File: lstpatch.sty 2025/11/14 1.11b (Carsten Heinz)
)
(C:\Users\esteb\AppData\Local\Programs\MiKTeX\tex/latex/listings\lstmisc.sty
File: lstmisc.sty 2025/11/14 1.11b (Carsten Heinz)
\c@lstnumber=\count316
\lst@skipnumbers=\count317
\lst@framebox=\box60
)
(C:\Users\esteb\AppData\Local\Programs\MiKTeX\tex/latex/listings\listings.cfg
File: listings.cfg 2025/11/14 1.11b listings configuration
))
Package: listings 2025/11/14 1.11b (Carsten Heinz)
==> First Aid for listings.sty no longer applied!
    Expected:
        2024/09/23 1.10c (Carsten Heinz)
    but found:
        2025/11/14 1.11b (Carsten Heinz)
    so I'm assuming it got fixed.
(C:\Users\esteb\AppData\Local\Programs\MiKTeX\tex/generic/babel\babel.sty
Package: babel 2026/03/24 v26.5 The multilingual framework for LuaLaTeX, pdfLaT
eX and XeLaTeX
\babel@savecnt=\count318
LaTeX Encoding Info:    Redeclaring text command \ij (encoding OT1) on input li
ne 2078.
LaTeX Encoding Info:    Redeclaring text command \IJ (encoding OT1) on input li
ne 2080.
LaTeX Encoding Info:    Redeclaring text command \ij (encoding T1) on input lin
e 2082.
LaTeX Encoding Info:    Redeclaring text command \IJ (encoding T1) on input lin
e 2083.
LaTeX Encoding Info:    Ignoring declaration for text command \ij (encoding ?) 
on input line 2084.
LaTeX Encoding Info:    Ignoring declaration for text command \IJ (encoding ?) 
on input line 2086.
LaTeX Encoding Info:    Ignoring declaration for text command \SS (encoding ?) 
on input line 2111.
\U@D=\dimen260
\l@unhyphenated=\language79

(C:\Users\esteb\AppData\Local\Programs\MiKTeX\tex/generic/babel\txtbabel.def)
\bbl@readstream=\read2
\bbl@dirlevel=\count319
Package babel Info: Configuration files are deprecated, as
(babel)             they can break document portability.
(babel)             Reported on input line 4206.

*************************************
* Local config file bblopts.cfg used
*
(C:\Users\esteb\AppData\Local\Programs\MiKTeX\tex/latex/arabi\bblopts.cfg
File: bblopts.cfg 2005/09/08 v0.1 add Arabic and Farsi to "declared" options of
 babel
)
(C:\Users\esteb\AppData\Local\Programs\MiKTeX\tex/generic/babel/locale/es\babel
-spanish.tex)
Package babel Info: Importing font and identification data for spanish
(babel)             from babel-es.ini. Reported on input line 4330.

(C:\Users\esteb\AppData\Local\Programs\MiKTeX\tex/latex/babel-spanish\spanish.l
df
Language: spanish.ldf 2021/05/27 v5.0q Spanish support from the babel system
\es@quottoks=\toks26
\es@quotdepth=\count320
Package babel Info: Making " an active character on input line 570.
Package babel Info: Making . an active character on input line 675.
Package babel Info: Making < an active character on input line 722.
Package babel Info: Making > an active character on input line 722.
))
LaTeX Encoding Info:    Redeclaring text command \guillemotleft (encoding OT1) 
on input line 15.
LaTeX Encoding Info:    Redeclaring text command \guillemotright (encoding OT1)
 on input line 15.
 (C:\Users\esteb\AppData\Local\Programs\MiKTeX\tex/latex/base\inputenc.sty
Package: inputenc 2024/02/08 v1.3d Input encoding file
\inpenc@prehook=\toks27
\inpenc@posthook=\toks28
) (C:\Users\esteb\AppData\Local\Programs\MiKTeX\tex/latex/base\fontenc.sty
Package: fontenc 2025/07/18 v2.1d Standard LaTeX package
LaTeX Font Info:    Trying to load font information for T1+ptm on input line 11
6.

(C:\Users\esteb\AppData\Local\Programs\MiKTeX\tex/latex/psnfss\t1ptm.fd
File: t1ptm.fd 2001/06/04 font definitions for T1/ptm.
))
(C:\Users\esteb\AppData\Local\Programs\MiKTeX\tex/latex/hyperref\hyperref.sty
Package: hyperref 2026-01-29 v7.01p Hypertext links for LaTeX

(C:\Users\esteb\AppData\Local\Programs\MiKTeX\tex/generic/iftex\iftex.sty
Package: iftex 2024/12/12 v1.0g TeX engine tests
)
(C:\Users\esteb\AppData\Local\Programs\MiKTeX\tex/latex/kvsetkeys\kvsetkeys.sty
Package: kvsetkeys 2022-10-05 v1.19 Key value parser (HO)
)
(C:\Users\esteb\AppData\Local\Programs\MiKTeX\tex/generic/kvdefinekeys\kvdefine
keys.sty
Package: kvdefinekeys 2019-12-19 v1.6 Define keys (HO)
)
(C:\Users\esteb\AppData\Local\Programs\MiKTeX\tex/generic/pdfescape\pdfescape.s
ty
Package: pdfescape 2019/12/09 v1.15 Implements pdfTeX's escape features (HO)

(C:\Users\esteb\AppData\Local\Programs\MiKTeX\tex/generic/ltxcmds\ltxcmds.sty
Package: ltxcmds 2023-12-04 v1.26 LaTeX kernel commands for general use (HO)
)
(C:\Users\esteb\AppData\Local\Programs\MiKTeX\tex/generic/pdftexcmds\pdftexcmds
.sty
Package: pdftexcmds 2020-06-27 v0.33 Utility functions of pdfTeX for LuaTeX (HO
)

(C:\Users\esteb\AppData\Local\Programs\MiKTeX\tex/generic/infwarerr\infwarerr.s
ty
Package: infwarerr 2019/12/03 v1.5 Providing info/warning/error messages (HO)
)
Package pdftexcmds Info: \pdf@primitive is available.
Package pdftexcmds Info: \pdf@ifprimitive is available.
Package pdftexcmds Info: \pdfdraftmode found.
))
(C:\Users\esteb\AppData\Local\Programs\MiKTeX\tex/latex/hycolor\hycolor.sty
Package: hycolor 2020-01-27 v1.10 Color options for hyperref/bookmark (HO)
)
(C:\Users\esteb\AppData\Local\Programs\MiKTeX\tex/latex/hyperref\nameref.sty
Package: nameref 2026-01-29 v2.58 Cross-referencing by name of section

(C:\Users\esteb\AppData\Local\Programs\MiKTeX\tex/latex/refcount\refcount.sty
Package: refcount 2019/12/15 v3.6 Data extraction from label references (HO)
)
(C:\Users\esteb\AppData\Local\Programs\MiKTeX\tex/generic/gettitlestring\gettit
lestring.sty
Package: gettitlestring 2019/12/15 v1.6 Cleanup title references (HO)

(C:\Users\esteb\AppData\Local\Programs\MiKTeX\tex/latex/kvoptions\kvoptions.sty
Package: kvoptions 2022-06-15 v3.15 Key value format for package options (HO)
))
\c@section@level=\count321
)
(C:\Users\esteb\AppData\Local\Programs\MiKTeX\tex/latex/etoolbox\etoolbox.sty
Package: etoolbox 2025/10/02 v2.5m e-TeX tools for LaTeX (JAW)
\etb@tempcnta=\count322
)
(C:\Users\esteb\AppData\Local\Programs\MiKTeX\tex/generic/stringenc\stringenc.s
ty
Package: stringenc 2019/11/29 v1.12 Convert strings between diff. encodings (HO
)
)
\@linkdim=\dimen261
\Hy@linkcounter=\count323
\Hy@pagecounter=\count324
 (C:\Users\esteb\AppData\Local\Programs\MiKTeX\tex/latex/hyperref\pd1enc.def
File: pd1enc.def 2026-01-29 v7.01p Hyperref: PDFDocEncoding definition (HO)
Now handling font encoding PD1 ...
... no UTF-8 mapping file for font encoding PD1
) (C:\Users\esteb\AppData\Local\Programs\MiKTeX\tex/generic/intcalc\intcalc.sty
Package: intcalc 2019/12/15 v1.3 Expandable calculations with integers (HO)
)
\Hy@SavedSpaceFactor=\count325
 (C:\Users\esteb\AppData\Local\Programs\MiKTeX\tex/latex/hyperref\puenc.def
File: puenc.def 2026-01-29 v7.01p Hyperref: PDF Unicode definition (HO)
Now handling font encoding PU ...
... no UTF-8 mapping file for font encoding PU
)
Package hyperref Info: Hyper figures OFF on input line 4201.
Package hyperref Info: Link nesting OFF on input line 4206.
Package hyperref Info: Hyper index ON on input line 4209.
Package hyperref Info: Plain pages OFF on input line 4216.
Package hyperref Info: Backreferencing OFF on input line 4221.
Package hyperref Info: Implicit mode ON; LaTeX internals redefined.
Package hyperref Info: Bookmarks ON on input line 4468.
\c@Hy@tempcnt=\count326

(C:\Users\esteb\AppData\Local\Programs\MiKTeX\tex/latex/url\url.sty
\Urlmuskip=\muskip18
Package: url 2013/09/16  ver 3.4  Verb mode for urls, etc.
)
LaTeX Info: Redefining \url on input line 4807.
\XeTeXLinkMargin=\dimen262

(C:\Users\esteb\AppData\Local\Programs\MiKTeX\tex/generic/bitset\bitset.sty
Package: bitset 2019/12/09 v1.3 Handle bit-vector datatype (HO)

(C:\Users\esteb\AppData\Local\Programs\MiKTeX\tex/generic/bigintcalc\bigintcalc
.sty
Package: bigintcalc 2019/12/15 v1.5 Expandable calculations on big integers (HO
)
))
\Fld@menulength=\count327
\Field@Width=\dimen263
\Fld@charsize=\dimen264
Package hyperref Info: Hyper figures OFF on input line 6084.
Package hyperref Info: Link nesting OFF on input line 6089.
Package hyperref Info: Hyper index ON on input line 6092.
Package hyperref Info: backreferencing OFF on input line 6099.
Package hyperref Info: Link coloring OFF on input line 6104.
Package hyperref Info: Link coloring with OCG OFF on input line 6109.
Package hyperref Info: PDF/A mode OFF on input line 6114.
\Hy@abspage=\count328
\c@Item=\count329
\c@Hfootnote=\count330
)
Package hyperref Info: Driver (autodetected): hpdftex.

(C:\Users\esteb\AppData\Local\Programs\MiKTeX\tex/latex/hyperref\hpdftex.def
File: hpdftex.def 2026-01-29 v7.01p Hyperref driver for pdfTeX
\Fld@listcount=\count331
\c@bookmark@seq@number=\count332

(C:\Users\esteb\AppData\Local\Programs\MiKTeX\tex/latex/rerunfilecheck\rerunfil
echeck.sty
Package: rerunfilecheck 2025-06-21 v1.11 Rerun checks for auxiliary files (HO)

(C:\Users\esteb\AppData\Local\Programs\MiKTeX\tex/generic/uniquecounter\uniquec
ounter.sty
Package: uniquecounter 2019/12/15 v1.4 Provide unlimited unique counter (HO)
)
Package uniquecounter Info: New unique counter `rerunfilecheck' on input line 2
84.
)
\Hy@SectionHShift=\skip59
)
(C:\Users\esteb\AppData\Local\Programs\MiKTeX\tex/latex/l3backend\l3backend-pdf
tex.def
File: l3backend-pdftex.def 2026-02-18 L3 backend support: PDF output (pdfTeX)
\l__color_backend_stack_int=\count333
) (Informe_Aligner_ESegura_ESanchez.aux)
\openout1 = `Informe_Aligner_ESegura_ESanchez.aux'.

LaTeX Font Info:    Checking defaults for OML/cmm/m/it on input line 72.
LaTeX Font Info:    ... okay on input line 72.
LaTeX Font Info:    Checking defaults for OMS/cmsy/m/n on input line 72.
LaTeX Font Info:    ... okay on input line 72.
LaTeX Font Info:    Checking defaults for OT1/cmr/m/n on input line 72.
LaTeX Font Info:    ... okay on input line 72.
LaTeX Font Info:    Checking defaults for T1/cmr/m/n on input line 72.
LaTeX Font Info:    ... okay on input line 72.
LaTeX Font Info:    Checking defaults for TS1/cmr/m/n on input line 72.
LaTeX Font Info:    ... okay on input line 72.
LaTeX Font Info:    Checking defaults for OMX/cmex/m/n on input line 72.
LaTeX Font Info:    ... okay on input line 72.
LaTeX Font Info:    Checking defaults for U/cmr/m/n on input line 72.
LaTeX Font Info:    ... okay on input line 72.
LaTeX Font Info:    Checking defaults for PD1/pdf/m/n on input line 72.
LaTeX Font Info:    ... okay on input line 72.
LaTeX Font Info:    Checking defaults for PU/pdf/m/n on input line 72.
LaTeX Font Info:    ... okay on input line 72.

-- Lines per column: 56 (exact).

(C:\Users\esteb\AppData\Local\Programs\MiKTeX\tex/context/base/mkii\supp-pdf.mk
ii
[Loading MPS to PDF converter (version 2006.09.02).]
\scratchcounter=\count334
\scratchdimen=\dimen265
\scratchbox=\box61
\nofMPsegments=\count335
\nofMParguments=\count336
\everyMPshowfont=\toks29
\MPscratchCnt=\count337
\MPscratchDim=\dimen266
\MPnumerator=\count338
\makeMPintoPDFobject=\count339
\everyMPtoPDFconversion=\toks30
)
(C:\Users\esteb\AppData\Local\Programs\MiKTeX\tex/latex/epstopdf-pkg\epstopdf-b
ase.sty
Package: epstopdf-base 2020-01-24 v2.11 Base part for package epstopdf
Package epstopdf-base Info: Redefining graphics rule for `.eps' on input line 4
85.

(C:\Users\esteb\AppData\Local\Programs\MiKTeX\tex/latex/00miktex\epstopdf-sys.c
fg
File: epstopdf-sys.cfg 2021/03/18 v2.0 Configuration of epstopdf for MiKTeX
))
\c@lstlisting=\count340
LaTeX Info: Redefining \. on input line 72.
LaTeX Info: Redefining \% on input line 72.
Package babel Info: 'spanish' activates 'spanish' shorthands.
(babel)             Reported on input line 72.
Package hyperref Info: Link coloring OFF on input line 72.
 (Informe_Aligner_ESegura_ESanchez.out)
(Informe_Aligner_ESegura_ESanchez.out)
\@outlinefile=\write3
\openout3 = `Informe_Aligner_ESegura_ESanchez.out'.

LaTeX Font Info:    Trying to load font information for T1+pcr on input line 84
.

(C:\Users\esteb\AppData\Local\Programs\MiKTeX\tex/latex/psnfss\t1pcr.fd
File: t1pcr.fd 2001/06/04 font definitions for T1/pcr.
)

LaTeX Warning: Citation `spear' on page 1 undefined on input line 102.


LaTeX Warning: Citation `uvm' on page 1 undefined on input line 102.


LaTeX Warning: Reference `sec:metodologia' on page 1 undefined on input line 11
9.


LaTeX Warning: Reference `sec:testplan' on page 1 undefined on input line 120.


LaTeX Warning: Reference `sec:regla' on page 1 undefined on input line 133.


LaTeX Warning: Citation `apb' on page 1 undefined on input line 138.


LaTeX Warning: Reference `tab:apb' on page 1 undefined on input line 140.


LaTeX Warning: Reference `tab:md' on page 1 undefined on input line 140.

LaTeX Font Info:    Trying to load font information for U+msa on input line 149
.
(C:\Users\esteb\AppData\Local\Programs\MiKTeX\tex/latex/amsfonts\umsa.fd
File: umsa.fd 2013/01/14 v3.01 AMS symbols A
)
LaTeX Font Info:    Trying to load font information for U+msb on input line 149
.

(C:\Users\esteb\AppData\Local\Programs\MiKTeX\tex/latex/amsfonts\umsb.fd
File: umsb.fd 2013/01/14 v3.01 AMS symbols B
)

LaTeX Warning: Reference `tab:registros' on page 1 undefined on input line 191.



Underfull \hbox (badness 10000) in paragraph at lines 203--204
[]|\T1/pcr/m/n/8 SIZE[2:0]\T1/ptm/m/n/8 , \T1/pcr/m/n/8 OFFSET[9:8]\T1/ptm/m/n/
8 ,
 []


Underfull \hbox (badness 10000) in paragraph at lines 204--205
[]|\T1/pcr/m/n/8 CNT_DROP[7:0]\T1/ptm/m/n/8 ,
 []


Underfull \hbox (badness 10000) in paragraph at lines 204--205
\T1/pcr/m/n/8 RX_LVL[11:9]\T1/ptm/m/n/8 ,
 []


Underfull \hbox (badness 4353) in paragraph at lines 211--216
\T1/pcr/m/n/10 TX_FIFO_EMPTY\T1/ptm/m/n/10 , \T1/pcr/m/n/10 TX_FIFO_FULL \T1/pt
m/m/n/10 y \T1/pcr/m/n/10 MAX_DROP\T1/ptm/m/n/10 . El
 []

[1{C:/Users/esteb/AppData/Local/MiKTeX/fonts/map/pdftex/pdftex.map}{C:/Users/es
teb/AppData/Local/Programs/MiKTeX/fonts/enc/dvips/base/8r.enc}


]
Underfull \hbox (badness 10000) in paragraph at lines 224--232
\T1/ptm/m/n/10 con $[] \OMS/cmsy/m/n/10 2 f\OT1/cmr/m/n/10 1\OML/cmm/m/it/10 ; 
\OT1/cmr/m/n/10 2\OML/cmm/m/it/10 ; \OT1/cmr/m/n/10 4\OMS/cmsy/m/n/10 g$\T1/ptm
/m/n/10 . Pa-ra un bus de 32 bits,
 []


Underfull \hbox (badness 2126) in paragraph at lines 224--232
\T1/ptm/m/n/10 que el DUT mar-que error y des-car-te la trans-fe-ren-cia,
 []


LaTeX Warning: Reference `fig:arquitectura' on page 2 undefined on input line 2
36.


LaTeX Warning: Reference `app:complementos' on page 2 undefined on input line 2
36.


LaTeX Warning: Reference `lst:env' on page 2 undefined on input line 250.

Package hyperref Info: bookmark level for unknown lstlisting defaults to 0 on i
nput line 252.
LaTeX Font Info:    Font shape `T1/pcr/m/it' in size <7> not available
(Font)              Font shape `T1/pcr/m/sl' tried instead on input line 253.
LaTeX Font Info:    Font shape `T1/pcr/m/it' in size <10> not available
(Font)              Font shape `T1/pcr/m/sl' tried instead on input line 269.

LaTeX Warning: Reference `eq:legal' on page 2 undefined on input line 278.


Underfull \hbox (badness 10000) in paragraph at lines 269--279
\T1/pcr/m/n/10 OP_IRQEN_CFG\T1/ptm/m/n/10 , \T1/pcr/m/n/10 OP_STATUS_READ\T1/pt
m/m/n/10 , \T1/pcr/m/n/10 OP_IRQ_READ\T1/ptm/m/n/10 ,
 []


Underfull \hbox (badness 10000) in paragraph at lines 269--279
\T1/pcr/m/n/10 OP_IRQ_CLR\T1/ptm/m/n/10 , \T1/pcr/m/n/10 OP_CTRL_RECONFIG\T1/pt
m/m/n/10 ). Con-tie-ne los
 []


Underfull \hbox (badness 2181) in paragraph at lines 269--279
\T1/ptm/m/n/10 cam-pos de ba-jo ni-vel (\T1/pcr/m/n/10 addr\T1/ptm/m/n/10 , \T1
/pcr/m/n/10 data\T1/ptm/m/n/10 , \T1/pcr/m/n/10 write\T1/ptm/m/n/10 , \T1/pcr/m
/n/10 rdata\T1/ptm/m/n/10 ,
 []


Underfull \hbox (badness 3884) in paragraph at lines 269--279
\T1/pcr/m/n/10 ctrl_offset\T1/ptm/m/n/10 , \T1/pcr/m/n/10 irqen_bits \T1/ptm/m/
n/10 y \T1/pcr/m/n/10 do_irq_clr\T1/ptm/m/n/10 , to-dos
 []


Underfull \hbox (badness 1571) in paragraph at lines 269--279
\T1/pcr/m/n/10 c_ctrl_valid_combo \T1/ptm/m/n/10 ga-ran-ti-za que so-lo se ge-n
e-ren
 []


LaTeX Warning: Reference `lst:md_constraints' on page 2 undefined on input line
 283.


Underfull \hbox (badness 10000) in paragraph at lines 281--287
 []\T1/ptm/m/it/10 2. \T1/pcr/m/sl/10 md_seq_item\T1/ptm/m/it/10 : [][][] \T1/p
tm/m/n/10 Mo-de-la una trans-fe-ren-cia
 []


Underfull \hbox (badness 5878) in paragraph at lines 281--287
\T1/ptm/m/n/10 del ca-nal MD. Los cam-pos \T1/pcr/m/n/10 rx_size\T1/ptm/m/n/10 
, \T1/pcr/m/n/10 rx_offset
 []


Underfull \hbox (badness 3118) in paragraph at lines 281--287
\T1/ptm/m/n/10 e \T1/pcr/m/n/10 is_illegal \T1/ptm/m/n/10 es-tán con-tro-la-dos
 por pe-sos; el da-to
 []


LaTeX Warning: Reference `lst:apb_seq' on page 2 undefined on input line 318.

[2]

LaTeX Warning: Reference `lst:rxdrv' on page 3 undefined on input line 365.


LaTeX Warning: Reference `lst:txdrv' on page 3 undefined on input line 384.


Underfull \hbox (badness 8000) in paragraph at lines 382--386
\T1/ptm/m/n/10 ca-nal TX. Man-tie-ne \T1/pcr/m/n/10 md_tx_ready \T1/ptm/m/n/10 
se-gún un pe-so
 []


LaTeX Warning: Reference `lst:mdmon' on page 3 undefined on input line 406.


LaTeX Warning: Reference `lst:adapter' on page 3 undefined on input line 428.


Underfull \hbox (badness 10000) in paragraph at lines 428--432
\T1/ptm/m/n/10 y \T1/pcr/m/n/10 bus2reg\T1/ptm/m/n/10 , tra-du-cien-do en-tre l
as ope-ra-cio-nes de
 []


Underfull \hbox (badness 6173) in paragraph at lines 428--432
\T1/ptm/m/n/10 re-gis-tro de UVM y el \T1/pcr/m/n/10 apb_seq_item\T1/ptm/m/n/10
 . Jun-to con
 []


LaTeX Warning: Reference `lst:predict' on page 3 undefined on input line 453.

[3]

LaTeX Warning: Reference `lst:env' on page 4 undefined on input line 466.


LaTeX Warning: Reference `lst:plusargs' on page 4 undefined on input line 487.


LaTeX Warning: Reference `tab:plusargs' on page 4 undefined on input line 503.


LaTeX Warning: Reference `tab:testplan' on page 4 undefined on input line 504.


LaTeX Warning: Reference `app:complementos' on page 4 undefined on input line 5
04.


Underfull \hbox (badness 4454) in paragraph at lines 523--524
[]|\T1/ptm/m/n/8 Pesos del OFF-SET con-fi-gu-ra-do en
 []


LaTeX Warning: Reference `tab:esquina' on page 4 undefined on input line 538.


LaTeX Warning: Reference `app:complementos' on page 4 undefined on input line 5
39.


LaTeX Warning: Reference `eq:legal' on page 4 undefined on input line 544.

[4]
Underfull \hbox (badness 10000) in paragraph at lines 600--603
[]\T1/ptm/m/n/10 Limpieza de in-te-rrup-ción (W1C): con
 []


Underfull \hbox (badness 3343) in paragraph at lines 600--603
\T1/pcr/m/n/10 +W_IRQ_CLR=100 \T1/ptm/m/n/10 jun-to a \T1/pcr/m/n/10 MAX_DROP\T
1/ptm/m/n/10 , tras leer
 []


Underfull \hbox (badness 10000) in paragraph at lines 603--606
[]\T1/ptm/m/n/10 Tráfico to-tal-men-te le-gal o to-tal-men-te ile-gal:
 []


Underfull \hbox (badness 1466) in paragraph at lines 603--606
\T1/ptm/m/n/10 (nin-gu-na TX pro-du-ci-da) son los dos ex-tre-mos del
 []


LaTeX Warning: Reference `tab:testplan' on page 5 undefined on input line 628.


LaTeX Warning: Reference `fig:arquitectura' on page 5 undefined on input line 6
81.


LaTeX Warning: Reference `tab:testplan' on page 5 undefined on input line 682.


LaTeX Warning: Reference `tab:esquina' on page 5 undefined on input line 683.

<diagrama_ambiente.pdf, id=300, 1005.21948pt x 535.09009pt>
File: diagrama_ambiente.pdf Graphic file (type pdf)
<use diagrama_ambiente.pdf>
Package pdftex.def Info: diagrama_ambiente.pdf  used on input line 687.
(pdftex.def)             Requested size: 423.12378pt x 225.23434pt.

Underfull \hbox (badness 1371) in paragraph at lines 706--707
[]|\T1/ptm/m/n/8 TX con si-ze=4, off-
 []


Underfull \hbox (badness 10000) in paragraph at lines 707--707
[]|\T1/pcr/m/n/8 +W_CTRL_OFF0=100 +W_CTRL_OFF1=0 +W_CTRL_OFF2=0
 []


Underfull \hbox (badness 2012) in paragraph at lines 707--708
[]|\T1/ptm/m/n/8 OFFSET=0 en to-das
 []


Underfull \hbox (badness 10000) in paragraph at lines 708--709
[]|\T1/pcr/m/n/8 CNT_DROP=0\T1/ptm/m/n/8 , sin
 []


Underfull \hbox (badness 10000) in paragraph at lines 709--710
[]|\T1/ptm/m/n/8 RX ile-ga-les con
 []


Underfull \hbox (badness 10000) in paragraph at lines 712--712
[]|\T1/pcr/m/n/8 +W_IRQEN_MAX_DROP=100 +W_ILLEGAL=100
 []


Underfull \hbox (badness 10000) in paragraph at lines 712--713
[]|\T1/pcr/m/n/8 IRQ[4]=1\T1/ptm/m/n/8 ,
 []


Underfull \hbox (badness 10000) in paragraph at lines 713--713
[]|\T1/pcr/m/n/8 +W_IRQEN_MAX_DROP=100 +W_ILLEGAL=100
 []


Underfull \hbox (badness 10000) in paragraph at lines 714--714
[]|\T1/pcr/m/n/8 +W_IRQEN_MAX_DROP=100 +W_IRQ_CLR=100
 []


Underfull \hbox (badness 5908) in paragraph at lines 715--716
[]|\T1/ptm/m/n/8 4 blo-ques RX con
 []


Underfull \hbox (badness 10000) in paragraph at lines 716--716
[]|\T1/pcr/m/n/8 +NUM_TRANSFERS=500 +W_ILLEGAL=30
 []


Underfull \hbox (badness 6188) in paragraph at lines 734--734
[]|\T1/ptm/m/n/8 Tamaño no po-ten-cia de 2
 []


Underfull \hbox (badness 10000) in paragraph at lines 739--739
[]|\T1/pcr/m/n/8 +TX_READY_WEIGHT=0
 []


Underfull \hbox (badness 10000) in paragraph at lines 743--743
[]|\T1/ptm/m/n/8 Limpieza de in-te-rrup-ción
 []


** Conference Paper **
Before submitting the final camera ready copy, remember to:

 1. Manually equalize the lengths of two columns on the last page
 of your paper;

 2. Ensure that any PostScript and/or PDF output post-processing
 uses only Type 1 fonts and that every step in the generation
 process uses the appropriate paper size.

[5] [6 <./diagrama_ambiente.pdf>] [7] (Informe_Aligner_ESegura_ESanchez.aux
LaTeX Info: Redefining \. on input line 14.
LaTeX Info: Redefining \% on input line 14.
)
 ***********
LaTeX2e <2025-11-01>
L3 programming layer <2026-03-20>
 ***********


LaTeX Warning: There were undefined references.


LaTeX Warning: Label(s) may have changed. Rerun to get cross-references right.

Package rerunfilecheck Info: File `Informe_Aligner_ESegura_ESanchez.out' has no
t changed.
(rerunfilecheck)             Checksum: E8DA04CFB00BBB8DC6BA2E66958907EB;6174.
 ) 
Here is how much of TeX's memory you used:
 15218 strings out of 467691
 235171 string characters out of 5414987
 1117649 words of memory out of 5000000
 43901 multiletter control sequences out of 15000+600000
 747467 words of font info for 170 fonts, out of 8000000 for 9000
 1141 hyphenation exceptions out of 8191
 75i,11n,79p,577b,2014s stack positions out of 10000i,1000n,20000p,200000b,200000s
<C:/Users/esteb/AppData/Local/Programs/MiKTeX/fonts/type1/public/amsfonts/cm/
cmex10.pfb><C:/Users/esteb/AppData/Local/Programs/MiKTeX/fonts/type1/public/ams
fonts/cm/cmmi10.pfb><C:/Users/esteb/AppData/Local/Programs/MiKTeX/fonts/type1/p
ublic/amsfonts/cm/cmmi8.pfb><C:/Users/esteb/AppData/Local/Programs/MiKTeX/fonts
/type1/public/amsfonts/cm/cmr10.pfb><C:/Users/esteb/AppData/Local/Programs/MiKT
eX/fonts/type1/public/amsfonts/cm/cmr8.pfb><C:/Users/esteb/AppData/Local/Progra
ms/MiKTeX/fonts/type1/public/amsfonts/cm/cmsy10.pfb><C:/Users/esteb/AppData/Loc
al/Programs/MiKTeX/fonts/type1/public/amsfonts/cm/cmsy7.pfb><C:/Users/esteb/App
Data/Local/Programs/MiKTeX/fonts/type1/public/amsfonts/cm/cmsy8.pfb><C:/Users/e
steb/AppData/Local/Programs/MiKTeX/fonts/type1/urw/courier/ucrb8a.pfb><C:/Users
/esteb/AppData/Local/Programs/MiKTeX/fonts/type1/urw/courier/ucrr8a.pfb><C:/Use
rs/esteb/AppData/Local/Programs/MiKTeX/fonts/type1/urw/courier/ucrro8a.pfb><C:/
Users/esteb/AppData/Local/Programs/MiKTeX/fonts/type1/urw/times/utmb8a.pfb><C:/
Users/esteb/AppData/Local/Programs/MiKTeX/fonts/type1/urw/times/utmbi8a.pfb><C:
/Users/esteb/AppData/Local/Programs/MiKTeX/fonts/type1/urw/times/utmr8a.pfb><C:
/Users/esteb/AppData/Local/Programs/MiKTeX/fonts/type1/urw/times/utmri8a.pfb>
Output written on Informe_Aligner_ESegura_ESanchez.pdf (7 pages, 298223 bytes).

PDF statistics:
 577 PDF objects out of 1000 (max. 8388607)
 175 named destinations out of 1000 (max. 500000)
 318 words of extra memory for PDF output out of 10000 (max. 10000000)

