  CREATE_STREAM @0 {NAME:apb_ctrl_cfg T:Transactions SCOPE:uvm_test_top.env.apb_agt.sequencer STREAM:1021}
  CREATE_STREAM @75000 {NAME:apb_irqen_cfg T:Transactions SCOPE:uvm_test_top.env.apb_agt.sequencer STREAM:1117}
  CREATE_STREAM @215000 {NAME:rx_seq_b0 T:Transactions SCOPE:uvm_test_top.env.md_agt.sequencer STREAM:1174}
  CREATE_STREAM @305000 {NAME:apb_drain_0_0 T:Transactions SCOPE:uvm_test_top.env.apb_agt.sequencer STREAM:1256}
  CREATE_STREAM @535000 {NAME:apb_drain_0_1 T:Transactions SCOPE:uvm_test_top.env.apb_agt.sequencer STREAM:1331}
  CREATE_STREAM @555000 {NAME:apb_ctrl_reconf_0 T:Transactions SCOPE:uvm_test_top.env.apb_agt.sequencer STREAM:1382}
  CREATE_STREAM @595000 {NAME:apb_irqen_reconf_0 T:Transactions SCOPE:uvm_test_top.env.apb_agt.sequencer STREAM:1437}
  CREATE_STREAM @635000 {NAME:apb_status_mid_0 T:Transactions SCOPE:uvm_test_top.env.apb_agt.sequencer STREAM:1490}
  CREATE_STREAM @675000 {NAME:apb_irq_mid_0 T:Transactions SCOPE:uvm_test_top.env.apb_agt.sequencer STREAM:1541}
  CREATE_STREAM @715000 {NAME:rx_seq_b1 T:Transactions SCOPE:uvm_test_top.env.md_agt.sequencer STREAM:1592}
  CREATE_STREAM @815000 {NAME:apb_drain_1_0 T:Transactions SCOPE:uvm_test_top.env.apb_agt.sequencer STREAM:1678}
  CREATE_STREAM @1045000 {NAME:apb_drain_1_1 T:Transactions SCOPE:uvm_test_top.env.apb_agt.sequencer STREAM:1753}
  CREATE_STREAM @1065000 {NAME:apb_ctrl_reconf_1 T:Transactions SCOPE:uvm_test_top.env.apb_agt.sequencer STREAM:1804}
  CREATE_STREAM @1105000 {NAME:apb_irqen_reconf_1 T:Transactions SCOPE:uvm_test_top.env.apb_agt.sequencer STREAM:1859}
  CREATE_STREAM @1145000 {NAME:apb_status_mid_1 T:Transactions SCOPE:uvm_test_top.env.apb_agt.sequencer STREAM:1912}
  CREATE_STREAM @1185000 {NAME:apb_irq_mid_1 T:Transactions SCOPE:uvm_test_top.env.apb_agt.sequencer STREAM:1963}
  CREATE_STREAM @1225000 {NAME:rx_seq_b2 T:Transactions SCOPE:uvm_test_top.env.md_agt.sequencer STREAM:2014}
  CREATE_STREAM @1325000 {NAME:apb_drain_2_0 T:Transactions SCOPE:uvm_test_top.env.apb_agt.sequencer STREAM:2106}
  CREATE_STREAM @1555000 {NAME:apb_drain_2_1 T:Transactions SCOPE:uvm_test_top.env.apb_agt.sequencer STREAM:2181}
  CREATE_STREAM @1575000 {NAME:apb_ctrl_reconf_2 T:Transactions SCOPE:uvm_test_top.env.apb_agt.sequencer STREAM:2232}
  CREATE_STREAM @1625000 {NAME:apb_irqen_reconf_2 T:Transactions SCOPE:uvm_test_top.env.apb_agt.sequencer STREAM:2285}
  CREATE_STREAM @1665000 {NAME:apb_status_mid_2 T:Transactions SCOPE:uvm_test_top.env.apb_agt.sequencer STREAM:2338}
  CREATE_STREAM @1705000 {NAME:apb_irq_mid_2 T:Transactions SCOPE:uvm_test_top.env.apb_agt.sequencer STREAM:2389}
  CREATE_STREAM @1785000 {NAME:rx_seq_b3 T:Transactions SCOPE:uvm_test_top.env.md_agt.sequencer STREAM:2476}
  CREATE_STREAM @1885000 {NAME:apb_drain_3_0 T:Transactions SCOPE:uvm_test_top.env.apb_agt.sequencer STREAM:2556}
  CREATE_STREAM @2115000 {NAME:apb_drain_3_1 T:Transactions SCOPE:uvm_test_top.env.apb_agt.sequencer STREAM:2637}
  CREATE_STREAM @2135000 {NAME:apb_ctrl_reconf_3 T:Transactions SCOPE:uvm_test_top.env.apb_agt.sequencer STREAM:2688}
  CREATE_STREAM @2175000 {NAME:apb_irqen_reconf_3 T:Transactions SCOPE:uvm_test_top.env.apb_agt.sequencer STREAM:2743}
  CREATE_STREAM @2215000 {NAME:apb_status_mid_3 T:Transactions SCOPE:uvm_test_top.env.apb_agt.sequencer STREAM:2796}
  CREATE_STREAM @2255000 {NAME:apb_irq_mid_3 T:Transactions SCOPE:uvm_test_top.env.apb_agt.sequencer STREAM:2847}
  CREATE_STREAM @2335000 {NAME:rx_seq_b4 T:Transactions SCOPE:uvm_test_top.env.md_agt.sequencer STREAM:2934}
  CREATE_STREAM @2435000 {NAME:apb_drain_4_0 T:Transactions SCOPE:uvm_test_top.env.apb_agt.sequencer STREAM:3032}
  CREATE_STREAM @2665000 {NAME:apb_drain_4_1 T:Transactions SCOPE:uvm_test_top.env.apb_agt.sequencer STREAM:3101}
  CREATE_STREAM @2685000 {NAME:apb_ctrl_reconf_4 T:Transactions SCOPE:uvm_test_top.env.apb_agt.sequencer STREAM:3152}
  CREATE_STREAM @2725000 {NAME:apb_irqen_reconf_4 T:Transactions SCOPE:uvm_test_top.env.apb_agt.sequencer STREAM:3207}
  CREATE_STREAM @2765000 {NAME:apb_status_mid_4 T:Transactions SCOPE:uvm_test_top.env.apb_agt.sequencer STREAM:3260}
  CREATE_STREAM @2805000 {NAME:apb_irq_mid_4 T:Transactions SCOPE:uvm_test_top.env.apb_agt.sequencer STREAM:3311}
  CREATE_STREAM @2885000 {NAME:rx_seq_b5 T:Transactions SCOPE:uvm_test_top.env.md_agt.sequencer STREAM:3398}
  CREATE_STREAM @2985000 {NAME:apb_drain_5_0 T:Transactions SCOPE:uvm_test_top.env.apb_agt.sequencer STREAM:3484}
  CREATE_STREAM @3215000 {NAME:apb_drain_5_1 T:Transactions SCOPE:uvm_test_top.env.apb_agt.sequencer STREAM:3547}
  CREATE_STREAM @3235000 {NAME:apb_ctrl_reconf_5 T:Transactions SCOPE:uvm_test_top.env.apb_agt.sequencer STREAM:3598}
  CREATE_STREAM @3285000 {NAME:apb_irqen_reconf_5 T:Transactions SCOPE:uvm_test_top.env.apb_agt.sequencer STREAM:3651}
  CREATE_STREAM @3325000 {NAME:apb_status_mid_5 T:Transactions SCOPE:uvm_test_top.env.apb_agt.sequencer STREAM:3704}
  CREATE_STREAM @3365000 {NAME:apb_irq_mid_5 T:Transactions SCOPE:uvm_test_top.env.apb_agt.sequencer STREAM:3755}
  CREATE_STREAM @3405000 {NAME:rx_seq_b6 T:Transactions SCOPE:uvm_test_top.env.md_agt.sequencer STREAM:3806}
  CREATE_STREAM @3505000 {NAME:apb_drain_6_0 T:Transactions SCOPE:uvm_test_top.env.apb_agt.sequencer STREAM:3892}
  CREATE_STREAM @3735000 {NAME:apb_drain_6_1 T:Transactions SCOPE:uvm_test_top.env.apb_agt.sequencer STREAM:3955}
  CREATE_STREAM @3755000 {NAME:apb_ctrl_reconf_6 T:Transactions SCOPE:uvm_test_top.env.apb_agt.sequencer STREAM:4006}
  CREATE_STREAM @3795000 {NAME:apb_irqen_reconf_6 T:Transactions SCOPE:uvm_test_top.env.apb_agt.sequencer STREAM:4061}
  CREATE_STREAM @3835000 {NAME:apb_status_mid_6 T:Transactions SCOPE:uvm_test_top.env.apb_agt.sequencer STREAM:4114}
  CREATE_STREAM @3875000 {NAME:apb_irq_mid_6 T:Transactions SCOPE:uvm_test_top.env.apb_agt.sequencer STREAM:4165}
  CREATE_STREAM @3915000 {NAME:rx_seq_b7 T:Transactions SCOPE:uvm_test_top.env.md_agt.sequencer STREAM:4216}
  CREATE_STREAM @4015000 {NAME:apb_drain_7_0 T:Transactions SCOPE:uvm_test_top.env.apb_agt.sequencer STREAM:4296}
  CREATE_STREAM @4045000 {NAME:apb_ctrl_reconf_7 T:Transactions SCOPE:uvm_test_top.env.apb_agt.sequencer STREAM:4347}
  CREATE_STREAM @4085000 {NAME:apb_irqen_reconf_7 T:Transactions SCOPE:uvm_test_top.env.apb_agt.sequencer STREAM:4402}
  CREATE_STREAM @4125000 {NAME:apb_status_mid_7 T:Transactions SCOPE:uvm_test_top.env.apb_agt.sequencer STREAM:4455}
  CREATE_STREAM @4165000 {NAME:apb_irq_mid_7 T:Transactions SCOPE:uvm_test_top.env.apb_agt.sequencer STREAM:4506}
  CREATE_STREAM @4205000 {NAME:rx_seq_b8 T:Transactions SCOPE:uvm_test_top.env.md_agt.sequencer STREAM:4557}
  CREATE_STREAM @4305000 {NAME:apb_drain_8_0 T:Transactions SCOPE:uvm_test_top.env.apb_agt.sequencer STREAM:4637}
  CREATE_STREAM @4535000 {NAME:apb_drain_8_1 T:Transactions SCOPE:uvm_test_top.env.apb_agt.sequencer STREAM:4724}
  CREATE_STREAM @4755000 {NAME:apb_drain_8_2 T:Transactions SCOPE:uvm_test_top.env.apb_agt.sequencer STREAM:4811}
  CREATE_STREAM @4775000 {NAME:apb_ctrl_reconf_8 T:Transactions SCOPE:uvm_test_top.env.apb_agt.sequencer STREAM:4862}
  CREATE_STREAM @4815000 {NAME:apb_irqen_reconf_8 T:Transactions SCOPE:uvm_test_top.env.apb_agt.sequencer STREAM:4917}
  CREATE_STREAM @4855000 {NAME:apb_status_mid_8 T:Transactions SCOPE:uvm_test_top.env.apb_agt.sequencer STREAM:4970}
  CREATE_STREAM @4895000 {NAME:apb_irq_mid_8 T:Transactions SCOPE:uvm_test_top.env.apb_agt.sequencer STREAM:5021}
  CREATE_STREAM @4935000 {NAME:rx_seq_b9 T:Transactions SCOPE:uvm_test_top.env.md_agt.sequencer STREAM:5072}
  CREATE_STREAM @5035000 {NAME:apb_drain_9_0 T:Transactions SCOPE:uvm_test_top.env.apb_agt.sequencer STREAM:5158}
  CREATE_STREAM @5265000 {NAME:apb_drain_9_1 T:Transactions SCOPE:uvm_test_top.env.apb_agt.sequencer STREAM:5257}
  CREATE_STREAM @5285000 {NAME:apb_ctrl_reconf_9 T:Transactions SCOPE:uvm_test_top.env.apb_agt.sequencer STREAM:5308}
  CREATE_STREAM @5335000 {NAME:apb_irqen_reconf_9 T:Transactions SCOPE:uvm_test_top.env.apb_agt.sequencer STREAM:5361}
  CREATE_STREAM @5375000 {NAME:apb_status_mid_9 T:Transactions SCOPE:uvm_test_top.env.apb_agt.sequencer STREAM:5414}
  CREATE_STREAM @5415000 {NAME:apb_irq_mid_9 T:Transactions SCOPE:uvm_test_top.env.apb_agt.sequencer STREAM:5465}
  CREATE_STREAM @5495000 {NAME:rx_seq_b10 T:Transactions SCOPE:uvm_test_top.env.md_agt.sequencer STREAM:5552}
  CREATE_STREAM @5595000 {NAME:apb_drain_10_0 T:Transactions SCOPE:uvm_test_top.env.apb_agt.sequencer STREAM:5650}
  CREATE_STREAM @5825000 {NAME:apb_drain_10_1 T:Transactions SCOPE:uvm_test_top.env.apb_agt.sequencer STREAM:5731}
  CREATE_STREAM @5845000 {NAME:apb_ctrl_reconf_10 T:Transactions SCOPE:uvm_test_top.env.apb_agt.sequencer STREAM:5782}
  CREATE_STREAM @5885000 {NAME:apb_irqen_reconf_10 T:Transactions SCOPE:uvm_test_top.env.apb_agt.sequencer STREAM:5837}
  CREATE_STREAM @5925000 {NAME:apb_status_mid_10 T:Transactions SCOPE:uvm_test_top.env.apb_agt.sequencer STREAM:5890}
  CREATE_STREAM @5965000 {NAME:apb_irq_mid_10 T:Transactions SCOPE:uvm_test_top.env.apb_agt.sequencer STREAM:5941}
  CREATE_STREAM @6045000 {NAME:rx_seq_b11 T:Transactions SCOPE:uvm_test_top.env.md_agt.sequencer STREAM:6028}
  CREATE_STREAM @6145000 {NAME:apb_drain_11_0 T:Transactions SCOPE:uvm_test_top.env.apb_agt.sequencer STREAM:6108}
  CREATE_STREAM @6375000 {NAME:apb_drain_11_1 T:Transactions SCOPE:uvm_test_top.env.apb_agt.sequencer STREAM:6189}
  CREATE_STREAM @6395000 {NAME:apb_ctrl_reconf_11 T:Transactions SCOPE:uvm_test_top.env.apb_agt.sequencer STREAM:6240}
  CREATE_STREAM @6435000 {NAME:apb_irqen_reconf_11 T:Transactions SCOPE:uvm_test_top.env.apb_agt.sequencer STREAM:6295}
  CREATE_STREAM @6475000 {NAME:apb_status_mid_11 T:Transactions SCOPE:uvm_test_top.env.apb_agt.sequencer STREAM:6348}
  CREATE_STREAM @6515000 {NAME:apb_irq_mid_11 T:Transactions SCOPE:uvm_test_top.env.apb_agt.sequencer STREAM:6399}
  CREATE_STREAM @6555000 {NAME:rx_seq_b12 T:Transactions SCOPE:uvm_test_top.env.md_agt.sequencer STREAM:6450}
  CREATE_STREAM @6655000 {NAME:apb_drain_12_0 T:Transactions SCOPE:uvm_test_top.env.apb_agt.sequencer STREAM:6530}
  CREATE_STREAM @6885000 {NAME:apb_drain_12_1 T:Transactions SCOPE:uvm_test_top.env.apb_agt.sequencer STREAM:6587}
  CREATE_STREAM @6905000 {NAME:apb_ctrl_reconf_12 T:Transactions SCOPE:uvm_test_top.env.apb_agt.sequencer STREAM:6638}
  CREATE_STREAM @6945000 {NAME:apb_irqen_reconf_12 T:Transactions SCOPE:uvm_test_top.env.apb_agt.sequencer STREAM:6693}
  CREATE_STREAM @6985000 {NAME:apb_status_mid_12 T:Transactions SCOPE:uvm_test_top.env.apb_agt.sequencer STREAM:6746}
  CREATE_STREAM @7025000 {NAME:apb_irq_mid_12 T:Transactions SCOPE:uvm_test_top.env.apb_agt.sequencer STREAM:6797}
  CREATE_STREAM @7105000 {NAME:rx_seq_b13 T:Transactions SCOPE:uvm_test_top.env.md_agt.sequencer STREAM:6884}
  CREATE_STREAM @7205000 {NAME:apb_drain_13_0 T:Transactions SCOPE:uvm_test_top.env.apb_agt.sequencer STREAM:6964}
  CREATE_STREAM @7235000 {NAME:apb_ctrl_reconf_13 T:Transactions SCOPE:uvm_test_top.env.apb_agt.sequencer STREAM:7027}
  CREATE_STREAM @7275000 {NAME:apb_irqen_reconf_13 T:Transactions SCOPE:uvm_test_top.env.apb_agt.sequencer STREAM:7082}
  CREATE_STREAM @7315000 {NAME:apb_status_mid_13 T:Transactions SCOPE:uvm_test_top.env.apb_agt.sequencer STREAM:7135}
  CREATE_STREAM @7355000 {NAME:apb_irq_mid_13 T:Transactions SCOPE:uvm_test_top.env.apb_agt.sequencer STREAM:7186}
  CREATE_STREAM @7395000 {NAME:rx_seq_b14 T:Transactions SCOPE:uvm_test_top.env.md_agt.sequencer STREAM:7237}
  CREATE_STREAM @7495000 {NAME:apb_drain_14_0 T:Transactions SCOPE:uvm_test_top.env.apb_agt.sequencer STREAM:7335}
  CREATE_STREAM @7725000 {NAME:apb_drain_14_1 T:Transactions SCOPE:uvm_test_top.env.apb_agt.sequencer STREAM:7434}
  CREATE_STREAM @7745000 {NAME:apb_ctrl_reconf_14 T:Transactions SCOPE:uvm_test_top.env.apb_agt.sequencer STREAM:7485}
  CREATE_STREAM @7785000 {NAME:apb_irqen_reconf_14 T:Transactions SCOPE:uvm_test_top.env.apb_agt.sequencer STREAM:7540}
  CREATE_STREAM @7825000 {NAME:apb_status_mid_14 T:Transactions SCOPE:uvm_test_top.env.apb_agt.sequencer STREAM:7593}
  CREATE_STREAM @7865000 {NAME:apb_irq_mid_14 T:Transactions SCOPE:uvm_test_top.env.apb_agt.sequencer STREAM:7644}
  CREATE_STREAM @7945000 {NAME:rx_seq_b15 T:Transactions SCOPE:uvm_test_top.env.md_agt.sequencer STREAM:7731}
  CREATE_STREAM @8045000 {NAME:apb_drain_15_0 T:Transactions SCOPE:uvm_test_top.env.apb_agt.sequencer STREAM:7811}
  CREATE_STREAM @8275000 {NAME:apb_drain_15_1 T:Transactions SCOPE:uvm_test_top.env.apb_agt.sequencer STREAM:7910}
  CREATE_STREAM @8295000 {NAME:apb_ctrl_reconf_15 T:Transactions SCOPE:uvm_test_top.env.apb_agt.sequencer STREAM:7961}
  CREATE_STREAM @8335000 {NAME:apb_irqen_reconf_15 T:Transactions SCOPE:uvm_test_top.env.apb_agt.sequencer STREAM:8016}
  CREATE_STREAM @8375000 {NAME:apb_status_mid_15 T:Transactions SCOPE:uvm_test_top.env.apb_agt.sequencer STREAM:8069}
  CREATE_STREAM @8415000 {NAME:apb_irq_mid_15 T:Transactions SCOPE:uvm_test_top.env.apb_agt.sequencer STREAM:8120}
  CREATE_STREAM @8495000 {NAME:rx_seq_b16 T:Transactions SCOPE:uvm_test_top.env.md_agt.sequencer STREAM:8207}
  CREATE_STREAM @8595000 {NAME:apb_drain_16_0 T:Transactions SCOPE:uvm_test_top.env.apb_agt.sequencer STREAM:8293}
  CREATE_STREAM @8625000 {NAME:apb_ctrl_reconf_16 T:Transactions SCOPE:uvm_test_top.env.apb_agt.sequencer STREAM:8350}
  CREATE_STREAM @8665000 {NAME:apb_irqen_reconf_16 T:Transactions SCOPE:uvm_test_top.env.apb_agt.sequencer STREAM:8411}
  CREATE_STREAM @8705000 {NAME:apb_status_mid_16 T:Transactions SCOPE:uvm_test_top.env.apb_agt.sequencer STREAM:8464}
  CREATE_STREAM @8745000 {NAME:apb_irq_mid_16 T:Transactions SCOPE:uvm_test_top.env.apb_agt.sequencer STREAM:8515}
  CREATE_STREAM @8825000 {NAME:rx_seq_b17 T:Transactions SCOPE:uvm_test_top.env.md_agt.sequencer STREAM:8602}
  CREATE_STREAM @8925000 {NAME:apb_drain_17_0 T:Transactions SCOPE:uvm_test_top.env.apb_agt.sequencer STREAM:8682}
  CREATE_STREAM @8955000 {NAME:apb_ctrl_reconf_17 T:Transactions SCOPE:uvm_test_top.env.apb_agt.sequencer STREAM:8739}
  CREATE_STREAM @8995000 {NAME:apb_irqen_reconf_17 T:Transactions SCOPE:uvm_test_top.env.apb_agt.sequencer STREAM:8794}
  CREATE_STREAM @9035000 {NAME:apb_status_mid_17 T:Transactions SCOPE:uvm_test_top.env.apb_agt.sequencer STREAM:8847}
  CREATE_STREAM @9075000 {NAME:apb_irq_mid_17 T:Transactions SCOPE:uvm_test_top.env.apb_agt.sequencer STREAM:8898}
  CREATE_STREAM @9115000 {NAME:rx_seq_b18 T:Transactions SCOPE:uvm_test_top.env.md_agt.sequencer STREAM:8949}
  CREATE_STREAM @9215000 {NAME:apb_drain_18_0 T:Transactions SCOPE:uvm_test_top.env.apb_agt.sequencer STREAM:9053}
  CREATE_STREAM @9445000 {NAME:apb_drain_18_1 T:Transactions SCOPE:uvm_test_top.env.apb_agt.sequencer STREAM:9152}
  CREATE_STREAM @9465000 {NAME:apb_ctrl_reconf_18 T:Transactions SCOPE:uvm_test_top.env.apb_agt.sequencer STREAM:9203}
  CREATE_STREAM @9505000 {NAME:apb_irqen_reconf_18 T:Transactions SCOPE:uvm_test_top.env.apb_agt.sequencer STREAM:9258}
  CREATE_STREAM @9545000 {NAME:apb_status_mid_18 T:Transactions SCOPE:uvm_test_top.env.apb_agt.sequencer STREAM:9311}
  CREATE_STREAM @9585000 {NAME:apb_irq_mid_18 T:Transactions SCOPE:uvm_test_top.env.apb_agt.sequencer STREAM:9362}
  CREATE_STREAM @9665000 {NAME:rx_seq_b19 T:Transactions SCOPE:uvm_test_top.env.md_agt.sequencer STREAM:9449}
  CREATE_STREAM @9765000 {NAME:apb_drain_19_0 T:Transactions SCOPE:uvm_test_top.env.apb_agt.sequencer STREAM:9529}
  CREATE_STREAM @9795000 {NAME:apb_ctrl_reconf_19 T:Transactions SCOPE:uvm_test_top.env.apb_agt.sequencer STREAM:9586}
  CREATE_STREAM @9845000 {NAME:apb_irqen_reconf_19 T:Transactions SCOPE:uvm_test_top.env.apb_agt.sequencer STREAM:9645}
  CREATE_STREAM @9885000 {NAME:apb_status_mid_19 T:Transactions SCOPE:uvm_test_top.env.apb_agt.sequencer STREAM:9698}
  CREATE_STREAM @9925000 {NAME:apb_irq_mid_19 T:Transactions SCOPE:uvm_test_top.env.apb_agt.sequencer STREAM:9749}
  CREATE_STREAM @10005000 {NAME:rx_seq_b20 T:Transactions SCOPE:uvm_test_top.env.md_agt.sequencer STREAM:9836}
  CREATE_STREAM @10105000 {NAME:apb_drain_20_0 T:Transactions SCOPE:uvm_test_top.env.apb_agt.sequencer STREAM:9922}
  CREATE_STREAM @10135000 {NAME:apb_ctrl_reconf_20 T:Transactions SCOPE:uvm_test_top.env.apb_agt.sequencer STREAM:9973}
  CREATE_STREAM @10175000 {NAME:apb_irqen_reconf_20 T:Transactions SCOPE:uvm_test_top.env.apb_agt.sequencer STREAM:10028}
  CREATE_STREAM @10215000 {NAME:apb_status_mid_20 T:Transactions SCOPE:uvm_test_top.env.apb_agt.sequencer STREAM:10081}
  CREATE_STREAM @10255000 {NAME:apb_irq_mid_20 T:Transactions SCOPE:uvm_test_top.env.apb_agt.sequencer STREAM:10132}
  CREATE_STREAM @10295000 {NAME:rx_seq_b21 T:Transactions SCOPE:uvm_test_top.env.md_agt.sequencer STREAM:10183}
  CREATE_STREAM @10395000 {NAME:apb_drain_21_0 T:Transactions SCOPE:uvm_test_top.env.apb_agt.sequencer STREAM:10275}
  CREATE_STREAM @10625000 {NAME:apb_drain_21_1 T:Transactions SCOPE:uvm_test_top.env.apb_agt.sequencer STREAM:10338}
  CREATE_STREAM @10645000 {NAME:apb_ctrl_reconf_21 T:Transactions SCOPE:uvm_test_top.env.apb_agt.sequencer STREAM:10389}
  CREATE_STREAM @10685000 {NAME:apb_irqen_reconf_21 T:Transactions SCOPE:uvm_test_top.env.apb_agt.sequencer STREAM:10444}
  CREATE_STREAM @10725000 {NAME:apb_status_mid_21 T:Transactions SCOPE:uvm_test_top.env.apb_agt.sequencer STREAM:10497}
  CREATE_STREAM @10765000 {NAME:apb_irq_mid_21 T:Transactions SCOPE:uvm_test_top.env.apb_agt.sequencer STREAM:10548}
  CREATE_STREAM @10845000 {NAME:rx_seq_b22 T:Transactions SCOPE:uvm_test_top.env.md_agt.sequencer STREAM:10635}
  CREATE_STREAM @10945000 {NAME:apb_drain_22_0 T:Transactions SCOPE:uvm_test_top.env.apb_agt.sequencer STREAM:10733}
  CREATE_STREAM @10975000 {NAME:apb_ctrl_reconf_22 T:Transactions SCOPE:uvm_test_top.env.apb_agt.sequencer STREAM:10790}
  CREATE_STREAM @11015000 {NAME:apb_irqen_reconf_22 T:Transactions SCOPE:uvm_test_top.env.apb_agt.sequencer STREAM:10851}
  CREATE_STREAM @11055000 {NAME:apb_status_mid_22 T:Transactions SCOPE:uvm_test_top.env.apb_agt.sequencer STREAM:10916}
  CREATE_STREAM @11095000 {NAME:apb_irq_mid_22 T:Transactions SCOPE:uvm_test_top.env.apb_agt.sequencer STREAM:10967}
  CREATE_STREAM @11135000 {NAME:rx_seq_b23 T:Transactions SCOPE:uvm_test_top.env.md_agt.sequencer STREAM:11018}
  CREATE_STREAM @11235000 {NAME:apb_drain_23_0 T:Transactions SCOPE:uvm_test_top.env.apb_agt.sequencer STREAM:11110}
  CREATE_STREAM @11465000 {NAME:apb_drain_23_1 T:Transactions SCOPE:uvm_test_top.env.apb_agt.sequencer STREAM:11215}
  CREATE_STREAM @11485000 {NAME:apb_ctrl_reconf_23 T:Transactions SCOPE:uvm_test_top.env.apb_agt.sequencer STREAM:11272}
  CREATE_STREAM @11525000 {NAME:apb_irqen_reconf_23 T:Transactions SCOPE:uvm_test_top.env.apb_agt.sequencer STREAM:11327}
  CREATE_STREAM @11565000 {NAME:apb_status_mid_23 T:Transactions SCOPE:uvm_test_top.env.apb_agt.sequencer STREAM:11380}
  CREATE_STREAM @11605000 {NAME:apb_irq_mid_23 T:Transactions SCOPE:uvm_test_top.env.apb_agt.sequencer STREAM:11431}
  CREATE_STREAM @11685000 {NAME:rx_seq_b24 T:Transactions SCOPE:uvm_test_top.env.md_agt.sequencer STREAM:11518}
  CREATE_STREAM @11785000 {NAME:apb_drain_24_0 T:Transactions SCOPE:uvm_test_top.env.apb_agt.sequencer STREAM:11610}
  CREATE_STREAM @12015000 {NAME:apb_drain_24_1 T:Transactions SCOPE:uvm_test_top.env.apb_agt.sequencer STREAM:11691}
  CREATE_STREAM @12035000 {NAME:apb_ctrl_reconf_24 T:Transactions SCOPE:uvm_test_top.env.apb_agt.sequencer STREAM:11742}
  CREATE_STREAM @12085000 {NAME:apb_irqen_reconf_24 T:Transactions SCOPE:uvm_test_top.env.apb_agt.sequencer STREAM:11795}
  CREATE_STREAM @12125000 {NAME:apb_status_mid_24 T:Transactions SCOPE:uvm_test_top.env.apb_agt.sequencer STREAM:11848}
  CREATE_STREAM @12165000 {NAME:apb_irq_mid_24 T:Transactions SCOPE:uvm_test_top.env.apb_agt.sequencer STREAM:11899}
  CREATE_STREAM @12205000 {NAME:rx_seq_b25 T:Transactions SCOPE:uvm_test_top.env.md_agt.sequencer STREAM:11950}
  CREATE_STREAM @12305000 {NAME:apb_drain_25_0 T:Transactions SCOPE:uvm_test_top.env.apb_agt.sequencer STREAM:12030}
  CREATE_STREAM @12535000 {NAME:apb_drain_25_1 T:Transactions SCOPE:uvm_test_top.env.apb_agt.sequencer STREAM:12111}
  CREATE_STREAM @12555000 {NAME:apb_ctrl_reconf_25 T:Transactions SCOPE:uvm_test_top.env.apb_agt.sequencer STREAM:12162}
  CREATE_STREAM @12595000 {NAME:apb_irqen_reconf_25 T:Transactions SCOPE:uvm_test_top.env.apb_agt.sequencer STREAM:12217}
  CREATE_STREAM @12635000 {NAME:apb_status_mid_25 T:Transactions SCOPE:uvm_test_top.env.apb_agt.sequencer STREAM:12270}
  CREATE_STREAM @12675000 {NAME:apb_irq_mid_25 T:Transactions SCOPE:uvm_test_top.env.apb_agt.sequencer STREAM:12321}
  CREATE_STREAM @12755000 {NAME:rx_seq_b26 T:Transactions SCOPE:uvm_test_top.env.md_agt.sequencer STREAM:12408}
  CREATE_STREAM @12855000 {NAME:apb_drain_26_0 T:Transactions SCOPE:uvm_test_top.env.apb_agt.sequencer STREAM:12494}
  CREATE_STREAM @13085000 {NAME:apb_drain_26_1 T:Transactions SCOPE:uvm_test_top.env.apb_agt.sequencer STREAM:12551}
  CREATE_STREAM @13105000 {NAME:apb_ctrl_reconf_26 T:Transactions SCOPE:uvm_test_top.env.apb_agt.sequencer STREAM:12602}
  CREATE_STREAM @13145000 {NAME:apb_irqen_reconf_26 T:Transactions SCOPE:uvm_test_top.env.apb_agt.sequencer STREAM:12657}
  CREATE_STREAM @13185000 {NAME:apb_status_mid_26 T:Transactions SCOPE:uvm_test_top.env.apb_agt.sequencer STREAM:12710}
  CREATE_STREAM @13225000 {NAME:apb_irq_mid_26 T:Transactions SCOPE:uvm_test_top.env.apb_agt.sequencer STREAM:12761}
  CREATE_STREAM @13305000 {NAME:rx_seq_b27 T:Transactions SCOPE:uvm_test_top.env.md_agt.sequencer STREAM:12848}
  CREATE_STREAM @13405000 {NAME:apb_drain_27_0 T:Transactions SCOPE:uvm_test_top.env.apb_agt.sequencer STREAM:12940}
  CREATE_STREAM @13635000 {NAME:apb_drain_27_1 T:Transactions SCOPE:uvm_test_top.env.apb_agt.sequencer STREAM:13003}
  CREATE_STREAM @13655000 {NAME:apb_ctrl_reconf_27 T:Transactions SCOPE:uvm_test_top.env.apb_agt.sequencer STREAM:13054}
  CREATE_STREAM @13695000 {NAME:apb_irqen_reconf_27 T:Transactions SCOPE:uvm_test_top.env.apb_agt.sequencer STREAM:13109}
  CREATE_STREAM @13735000 {NAME:apb_status_mid_27 T:Transactions SCOPE:uvm_test_top.env.apb_agt.sequencer STREAM:13162}
  CREATE_STREAM @13775000 {NAME:apb_irq_mid_27 T:Transactions SCOPE:uvm_test_top.env.apb_agt.sequencer STREAM:13213}
  CREATE_STREAM @13855000 {NAME:rx_seq_b28 T:Transactions SCOPE:uvm_test_top.env.md_agt.sequencer STREAM:13300}
  CREATE_STREAM @13955000 {NAME:apb_drain_28_0 T:Transactions SCOPE:uvm_test_top.env.apb_agt.sequencer STREAM:13380}
  CREATE_STREAM @14185000 {NAME:apb_drain_28_1 T:Transactions SCOPE:uvm_test_top.env.apb_agt.sequencer STREAM:13449}
  CREATE_STREAM @14205000 {NAME:apb_ctrl_reconf_28 T:Transactions SCOPE:uvm_test_top.env.apb_agt.sequencer STREAM:13500}
  CREATE_STREAM @14245000 {NAME:apb_irqen_reconf_28 T:Transactions SCOPE:uvm_test_top.env.apb_agt.sequencer STREAM:13555}
  CREATE_STREAM @14285000 {NAME:apb_status_mid_28 T:Transactions SCOPE:uvm_test_top.env.apb_agt.sequencer STREAM:13608}
  CREATE_STREAM @14325000 {NAME:apb_irq_mid_28 T:Transactions SCOPE:uvm_test_top.env.apb_agt.sequencer STREAM:13659}
  CREATE_STREAM @14365000 {NAME:rx_seq_b29 T:Transactions SCOPE:uvm_test_top.env.md_agt.sequencer STREAM:13710}
  CREATE_STREAM @14465000 {NAME:apb_drain_29_0 T:Transactions SCOPE:uvm_test_top.env.apb_agt.sequencer STREAM:13802}
  CREATE_STREAM @14495000 {NAME:apb_ctrl_reconf_29 T:Transactions SCOPE:uvm_test_top.env.apb_agt.sequencer STREAM:13859}
  CREATE_STREAM @14535000 {NAME:apb_irqen_reconf_29 T:Transactions SCOPE:uvm_test_top.env.apb_agt.sequencer STREAM:13914}
  CREATE_STREAM @14575000 {NAME:apb_status_mid_29 T:Transactions SCOPE:uvm_test_top.env.apb_agt.sequencer STREAM:13967}
  CREATE_STREAM @14615000 {NAME:apb_irq_mid_29 T:Transactions SCOPE:uvm_test_top.env.apb_agt.sequencer STREAM:14018}
  CREATE_STREAM @14695000 {NAME:rx_seq_b30 T:Transactions SCOPE:uvm_test_top.env.md_agt.sequencer STREAM:14105}
  CREATE_STREAM @14795000 {NAME:apb_drain_30_0 T:Transactions SCOPE:uvm_test_top.env.apb_agt.sequencer STREAM:14197}
  CREATE_STREAM @14825000 {NAME:apb_ctrl_reconf_30 T:Transactions SCOPE:uvm_test_top.env.apb_agt.sequencer STREAM:14254}
  CREATE_STREAM @14865000 {NAME:apb_irqen_reconf_30 T:Transactions SCOPE:uvm_test_top.env.apb_agt.sequencer STREAM:14327}
  CREATE_STREAM @14905000 {NAME:apb_status_mid_30 T:Transactions SCOPE:uvm_test_top.env.apb_agt.sequencer STREAM:14380}
  CREATE_STREAM @14945000 {NAME:apb_irq_mid_30 T:Transactions SCOPE:uvm_test_top.env.apb_agt.sequencer STREAM:14431}
  CREATE_STREAM @15025000 {NAME:rx_seq_b31 T:Transactions SCOPE:uvm_test_top.env.md_agt.sequencer STREAM:14518}
  CREATE_STREAM @15125000 {NAME:apb_drain_31_0 T:Transactions SCOPE:uvm_test_top.env.apb_agt.sequencer STREAM:14610}
  CREATE_STREAM @15355000 {NAME:apb_drain_31_1 T:Transactions SCOPE:uvm_test_top.env.apb_agt.sequencer STREAM:14679}
  CREATE_STREAM @15375000 {NAME:apb_ctrl_reconf_31 T:Transactions SCOPE:uvm_test_top.env.apb_agt.sequencer STREAM:14730}
  CREATE_STREAM @15415000 {NAME:apb_irqen_reconf_31 T:Transactions SCOPE:uvm_test_top.env.apb_agt.sequencer STREAM:14785}
  CREATE_STREAM @15455000 {NAME:apb_status_mid_31 T:Transactions SCOPE:uvm_test_top.env.apb_agt.sequencer STREAM:14838}
  CREATE_STREAM @15495000 {NAME:apb_irq_mid_31 T:Transactions SCOPE:uvm_test_top.env.apb_agt.sequencer STREAM:14889}
  CREATE_STREAM @15535000 {NAME:rx_seq_b32 T:Transactions SCOPE:uvm_test_top.env.md_agt.sequencer STREAM:14940}
  CREATE_STREAM @15635000 {NAME:apb_drain_32_0 T:Transactions SCOPE:uvm_test_top.env.apb_agt.sequencer STREAM:15020}
  CREATE_STREAM @15665000 {NAME:apb_ctrl_reconf_32 T:Transactions SCOPE:uvm_test_top.env.apb_agt.sequencer STREAM:15077}
  CREATE_STREAM @15715000 {NAME:apb_irqen_reconf_32 T:Transactions SCOPE:uvm_test_top.env.apb_agt.sequencer STREAM:15130}
  CREATE_STREAM @15755000 {NAME:apb_status_mid_32 T:Transactions SCOPE:uvm_test_top.env.apb_agt.sequencer STREAM:15183}
  CREATE_STREAM @15795000 {NAME:apb_irq_mid_32 T:Transactions SCOPE:uvm_test_top.env.apb_agt.sequencer STREAM:15234}
  CREATE_STREAM @15875000 {NAME:rx_seq_b33 T:Transactions SCOPE:uvm_test_top.env.md_agt.sequencer STREAM:15321}
  CREATE_STREAM @15975000 {NAME:apb_drain_33_0 T:Transactions SCOPE:uvm_test_top.env.apb_agt.sequencer STREAM:15401}
  CREATE_STREAM @16205000 {NAME:apb_drain_33_1 T:Transactions SCOPE:uvm_test_top.env.apb_agt.sequencer STREAM:15482}
  CREATE_STREAM @16225000 {NAME:apb_ctrl_reconf_33 T:Transactions SCOPE:uvm_test_top.env.apb_agt.sequencer STREAM:15533}
  CREATE_STREAM @16275000 {NAME:apb_irqen_reconf_33 T:Transactions SCOPE:uvm_test_top.env.apb_agt.sequencer STREAM:15586}
  CREATE_STREAM @16315000 {NAME:apb_status_mid_33 T:Transactions SCOPE:uvm_test_top.env.apb_agt.sequencer STREAM:15639}
  CREATE_STREAM @16355000 {NAME:apb_irq_mid_33 T:Transactions SCOPE:uvm_test_top.env.apb_agt.sequencer STREAM:15690}
  CREATE_STREAM @16435000 {NAME:rx_seq_b34 T:Transactions SCOPE:uvm_test_top.env.md_agt.sequencer STREAM:15777}
  CREATE_STREAM @16535000 {NAME:apb_drain_34_0 T:Transactions SCOPE:uvm_test_top.env.apb_agt.sequencer STREAM:15875}
  CREATE_STREAM @16765000 {NAME:apb_drain_34_1 T:Transactions SCOPE:uvm_test_top.env.apb_agt.sequencer STREAM:15944}
  CREATE_STREAM @16785000 {NAME:apb_ctrl_reconf_34 T:Transactions SCOPE:uvm_test_top.env.apb_agt.sequencer STREAM:15995}
  CREATE_STREAM @16825000 {NAME:apb_irqen_reconf_34 T:Transactions SCOPE:uvm_test_top.env.apb_agt.sequencer STREAM:16050}
  CREATE_STREAM @16865000 {NAME:apb_status_mid_34 T:Transactions SCOPE:uvm_test_top.env.apb_agt.sequencer STREAM:16103}
  CREATE_STREAM @16905000 {NAME:apb_irq_mid_34 T:Transactions SCOPE:uvm_test_top.env.apb_agt.sequencer STREAM:16154}
  CREATE_STREAM @16985000 {NAME:rx_seq_b35 T:Transactions SCOPE:uvm_test_top.env.md_agt.sequencer STREAM:16241}
  CREATE_STREAM @17085000 {NAME:apb_drain_35_0 T:Transactions SCOPE:uvm_test_top.env.apb_agt.sequencer STREAM:16333}
  CREATE_STREAM @17315000 {NAME:apb_drain_35_1 T:Transactions SCOPE:uvm_test_top.env.apb_agt.sequencer STREAM:16402}
  CREATE_STREAM @17335000 {NAME:apb_ctrl_reconf_35 T:Transactions SCOPE:uvm_test_top.env.apb_agt.sequencer STREAM:16453}
  CREATE_STREAM @17375000 {NAME:apb_irqen_reconf_35 T:Transactions SCOPE:uvm_test_top.env.apb_agt.sequencer STREAM:16508}
  CREATE_STREAM @17415000 {NAME:apb_status_mid_35 T:Transactions SCOPE:uvm_test_top.env.apb_agt.sequencer STREAM:16561}
  CREATE_STREAM @17455000 {NAME:apb_irq_mid_35 T:Transactions SCOPE:uvm_test_top.env.apb_agt.sequencer STREAM:16612}
  CREATE_STREAM @17495000 {NAME:rx_seq_b36 T:Transactions SCOPE:uvm_test_top.env.md_agt.sequencer STREAM:16663}
  CREATE_STREAM @17595000 {NAME:apb_drain_36_0 T:Transactions SCOPE:uvm_test_top.env.apb_agt.sequencer STREAM:16761}
  CREATE_STREAM @17825000 {NAME:apb_drain_36_1 T:Transactions SCOPE:uvm_test_top.env.apb_agt.sequencer STREAM:16854}
  CREATE_STREAM @17845000 {NAME:apb_ctrl_reconf_36 T:Transactions SCOPE:uvm_test_top.env.apb_agt.sequencer STREAM:16905}
  CREATE_STREAM @17885000 {NAME:apb_irqen_reconf_36 T:Transactions SCOPE:uvm_test_top.env.apb_agt.sequencer STREAM:16960}
  CREATE_STREAM @17925000 {NAME:apb_status_mid_36 T:Transactions SCOPE:uvm_test_top.env.apb_agt.sequencer STREAM:17013}
  CREATE_STREAM @17965000 {NAME:apb_irq_mid_36 T:Transactions SCOPE:uvm_test_top.env.apb_agt.sequencer STREAM:17064}
  CREATE_STREAM @18005000 {NAME:rx_seq_b37 T:Transactions SCOPE:uvm_test_top.env.md_agt.sequencer STREAM:17115}
  CREATE_STREAM @18105000 {NAME:apb_drain_37_0 T:Transactions SCOPE:uvm_test_top.env.apb_agt.sequencer STREAM:17195}
  CREATE_STREAM @18335000 {NAME:apb_drain_37_1 T:Transactions SCOPE:uvm_test_top.env.apb_agt.sequencer STREAM:17300}
  CREATE_STREAM @18355000 {NAME:apb_ctrl_reconf_37 T:Transactions SCOPE:uvm_test_top.env.apb_agt.sequencer STREAM:17351}
  CREATE_STREAM @18395000 {NAME:apb_irqen_reconf_37 T:Transactions SCOPE:uvm_test_top.env.apb_agt.sequencer STREAM:17406}
  CREATE_STREAM @18435000 {NAME:apb_status_mid_37 T:Transactions SCOPE:uvm_test_top.env.apb_agt.sequencer STREAM:17459}
  CREATE_STREAM @18475000 {NAME:apb_irq_mid_37 T:Transactions SCOPE:uvm_test_top.env.apb_agt.sequencer STREAM:17510}
  CREATE_STREAM @18515000 {NAME:rx_seq_b38 T:Transactions SCOPE:uvm_test_top.env.md_agt.sequencer STREAM:17561}
  CREATE_STREAM @18615000 {NAME:apb_drain_38_0 T:Transactions SCOPE:uvm_test_top.env.apb_agt.sequencer STREAM:17647}
  CREATE_STREAM @18645000 {NAME:apb_ctrl_reconf_38 T:Transactions SCOPE:uvm_test_top.env.apb_agt.sequencer STREAM:17704}
  CREATE_STREAM @18695000 {NAME:apb_irqen_reconf_38 T:Transactions SCOPE:uvm_test_top.env.apb_agt.sequencer STREAM:17757}
  CREATE_STREAM @18735000 {NAME:apb_status_mid_38 T:Transactions SCOPE:uvm_test_top.env.apb_agt.sequencer STREAM:17810}
  CREATE_STREAM @18775000 {NAME:apb_irq_mid_38 T:Transactions SCOPE:uvm_test_top.env.apb_agt.sequencer STREAM:17861}
  CREATE_STREAM @18815000 {NAME:rx_seq_b39 T:Transactions SCOPE:uvm_test_top.env.md_agt.sequencer STREAM:17912}
  CREATE_STREAM @18915000 {NAME:apb_drain_39_0 T:Transactions SCOPE:uvm_test_top.env.apb_agt.sequencer STREAM:17992}
  CREATE_STREAM @19145000 {NAME:apb_drain_39_1 T:Transactions SCOPE:uvm_test_top.env.apb_agt.sequencer STREAM:18073}
  CREATE_STREAM @19165000 {NAME:apb_ctrl_reconf_39 T:Transactions SCOPE:uvm_test_top.env.apb_agt.sequencer STREAM:18124}
  CREATE_STREAM @19205000 {NAME:apb_irqen_reconf_39 T:Transactions SCOPE:uvm_test_top.env.apb_agt.sequencer STREAM:18179}
  CREATE_STREAM @19245000 {NAME:apb_status_mid_39 T:Transactions SCOPE:uvm_test_top.env.apb_agt.sequencer STREAM:18232}
  CREATE_STREAM @19285000 {NAME:apb_irq_mid_39 T:Transactions SCOPE:uvm_test_top.env.apb_agt.sequencer STREAM:18283}
  CREATE_STREAM @19365000 {NAME:rx_seq_b40 T:Transactions SCOPE:uvm_test_top.env.md_agt.sequencer STREAM:18370}
  CREATE_STREAM @19465000 {NAME:apb_drain_40_0 T:Transactions SCOPE:uvm_test_top.env.apb_agt.sequencer STREAM:18456}
  CREATE_STREAM @19695000 {NAME:apb_drain_40_1 T:Transactions SCOPE:uvm_test_top.env.apb_agt.sequencer STREAM:18519}
  CREATE_STREAM @19715000 {NAME:apb_ctrl_reconf_40 T:Transactions SCOPE:uvm_test_top.env.apb_agt.sequencer STREAM:18570}
  CREATE_STREAM @19765000 {NAME:apb_irqen_reconf_40 T:Transactions SCOPE:uvm_test_top.env.apb_agt.sequencer STREAM:18623}
  CREATE_STREAM @19805000 {NAME:apb_status_mid_40 T:Transactions SCOPE:uvm_test_top.env.apb_agt.sequencer STREAM:18676}
  CREATE_STREAM @19845000 {NAME:apb_irq_mid_40 T:Transactions SCOPE:uvm_test_top.env.apb_agt.sequencer STREAM:18727}
  CREATE_STREAM @19925000 {NAME:rx_seq_b41 T:Transactions SCOPE:uvm_test_top.env.md_agt.sequencer STREAM:18814}
  CREATE_STREAM @20025000 {NAME:apb_drain_41_0 T:Transactions SCOPE:uvm_test_top.env.apb_agt.sequencer STREAM:18894}
  CREATE_STREAM @20055000 {NAME:apb_ctrl_reconf_41 T:Transactions SCOPE:uvm_test_top.env.apb_agt.sequencer STREAM:18945}
  CREATE_STREAM @20105000 {NAME:apb_irqen_reconf_41 T:Transactions SCOPE:uvm_test_top.env.apb_agt.sequencer STREAM:18998}
  CREATE_STREAM @20145000 {NAME:apb_status_mid_41 T:Transactions SCOPE:uvm_test_top.env.apb_agt.sequencer STREAM:19051}
  CREATE_STREAM @20185000 {NAME:apb_irq_mid_41 T:Transactions SCOPE:uvm_test_top.env.apb_agt.sequencer STREAM:19102}
  CREATE_STREAM @20225000 {NAME:rx_seq_b42 T:Transactions SCOPE:uvm_test_top.env.md_agt.sequencer STREAM:19153}
  CREATE_STREAM @20325000 {NAME:apb_drain_42_0 T:Transactions SCOPE:uvm_test_top.env.apb_agt.sequencer STREAM:19245}
  CREATE_STREAM @20355000 {NAME:apb_ctrl_reconf_42 T:Transactions SCOPE:uvm_test_top.env.apb_agt.sequencer STREAM:19296}
  CREATE_STREAM @20405000 {NAME:apb_irqen_reconf_42 T:Transactions SCOPE:uvm_test_top.env.apb_agt.sequencer STREAM:19361}
  CREATE_STREAM @20445000 {NAME:apb_status_mid_42 T:Transactions SCOPE:uvm_test_top.env.apb_agt.sequencer STREAM:19414}
  CREATE_STREAM @20485000 {NAME:apb_irq_mid_42 T:Transactions SCOPE:uvm_test_top.env.apb_agt.sequencer STREAM:19465}
  CREATE_STREAM @20565000 {NAME:rx_seq_b43 T:Transactions SCOPE:uvm_test_top.env.md_agt.sequencer STREAM:19552}
  CREATE_STREAM @20665000 {NAME:apb_drain_43_0 T:Transactions SCOPE:uvm_test_top.env.apb_agt.sequencer STREAM:19638}
  CREATE_STREAM @20895000 {NAME:apb_drain_43_1 T:Transactions SCOPE:uvm_test_top.env.apb_agt.sequencer STREAM:19701}
  CREATE_STREAM @20915000 {NAME:apb_ctrl_reconf_43 T:Transactions SCOPE:uvm_test_top.env.apb_agt.sequencer STREAM:19752}
  CREATE_STREAM @20965000 {NAME:apb_irqen_reconf_43 T:Transactions SCOPE:uvm_test_top.env.apb_agt.sequencer STREAM:19805}
  CREATE_STREAM @21005000 {NAME:apb_status_mid_43 T:Transactions SCOPE:uvm_test_top.env.apb_agt.sequencer STREAM:19858}
  CREATE_STREAM @21045000 {NAME:apb_irq_mid_43 T:Transactions SCOPE:uvm_test_top.env.apb_agt.sequencer STREAM:19909}
  CREATE_STREAM @21085000 {NAME:rx_seq_b44 T:Transactions SCOPE:uvm_test_top.env.md_agt.sequencer STREAM:19960}
  CREATE_STREAM @21185000 {NAME:apb_drain_44_0 T:Transactions SCOPE:uvm_test_top.env.apb_agt.sequencer STREAM:20052}
  CREATE_STREAM @21215000 {NAME:apb_ctrl_reconf_44 T:Transactions SCOPE:uvm_test_top.env.apb_agt.sequencer STREAM:20103}
  CREATE_STREAM @21255000 {NAME:apb_irqen_reconf_44 T:Transactions SCOPE:uvm_test_top.env.apb_agt.sequencer STREAM:20158}
  CREATE_STREAM @21295000 {NAME:apb_status_mid_44 T:Transactions SCOPE:uvm_test_top.env.apb_agt.sequencer STREAM:20211}
  CREATE_STREAM @21335000 {NAME:apb_irq_mid_44 T:Transactions SCOPE:uvm_test_top.env.apb_agt.sequencer STREAM:20262}
  CREATE_STREAM @21415000 {NAME:rx_seq_b45 T:Transactions SCOPE:uvm_test_top.env.md_agt.sequencer STREAM:20349}
  CREATE_STREAM @21515000 {NAME:apb_drain_45_0 T:Transactions SCOPE:uvm_test_top.env.apb_agt.sequencer STREAM:20441}
  CREATE_STREAM @21745000 {NAME:apb_drain_45_1 T:Transactions SCOPE:uvm_test_top.env.apb_agt.sequencer STREAM:20516}
  CREATE_STREAM @21765000 {NAME:apb_ctrl_reconf_45 T:Transactions SCOPE:uvm_test_top.env.apb_agt.sequencer STREAM:20567}
  CREATE_STREAM @21815000 {NAME:apb_irqen_reconf_45 T:Transactions SCOPE:uvm_test_top.env.apb_agt.sequencer STREAM:20620}
  CREATE_STREAM @21855000 {NAME:apb_status_mid_45 T:Transactions SCOPE:uvm_test_top.env.apb_agt.sequencer STREAM:20673}
  CREATE_STREAM @21895000 {NAME:apb_irq_mid_45 T:Transactions SCOPE:uvm_test_top.env.apb_agt.sequencer STREAM:20724}
  CREATE_STREAM @21935000 {NAME:rx_seq_b46 T:Transactions SCOPE:uvm_test_top.env.md_agt.sequencer STREAM:20775}
  CREATE_STREAM @22035000 {NAME:apb_drain_46_0 T:Transactions SCOPE:uvm_test_top.env.apb_agt.sequencer STREAM:20873}
  CREATE_STREAM @22065000 {NAME:apb_ctrl_reconf_46 T:Transactions SCOPE:uvm_test_top.env.apb_agt.sequencer STREAM:20924}
  CREATE_STREAM @22105000 {NAME:apb_irqen_reconf_46 T:Transactions SCOPE:uvm_test_top.env.apb_agt.sequencer STREAM:20979}
  CREATE_STREAM @22145000 {NAME:apb_status_mid_46 T:Transactions SCOPE:uvm_test_top.env.apb_agt.sequencer STREAM:21032}
  CREATE_STREAM @22185000 {NAME:apb_irq_mid_46 T:Transactions SCOPE:uvm_test_top.env.apb_agt.sequencer STREAM:21083}
  CREATE_STREAM @22265000 {NAME:rx_seq_b47 T:Transactions SCOPE:uvm_test_top.env.md_agt.sequencer STREAM:21170}
  CREATE_STREAM @22365000 {NAME:apb_drain_47_0 T:Transactions SCOPE:uvm_test_top.env.apb_agt.sequencer STREAM:21250}
  CREATE_STREAM @22595000 {NAME:apb_drain_47_1 T:Transactions SCOPE:uvm_test_top.env.apb_agt.sequencer STREAM:21343}
  CREATE_STREAM @22615000 {NAME:apb_ctrl_reconf_47 T:Transactions SCOPE:uvm_test_top.env.apb_agt.sequencer STREAM:21394}
  CREATE_STREAM @22655000 {NAME:apb_irqen_reconf_47 T:Transactions SCOPE:uvm_test_top.env.apb_agt.sequencer STREAM:21449}
  CREATE_STREAM @22695000 {NAME:apb_status_mid_47 T:Transactions SCOPE:uvm_test_top.env.apb_agt.sequencer STREAM:21502}
  CREATE_STREAM @22735000 {NAME:apb_irq_mid_47 T:Transactions SCOPE:uvm_test_top.env.apb_agt.sequencer STREAM:21553}
  CREATE_STREAM @22815000 {NAME:rx_seq_b48 T:Transactions SCOPE:uvm_test_top.env.md_agt.sequencer STREAM:21640}
  CREATE_STREAM @22915000 {NAME:apb_drain_48_0 T:Transactions SCOPE:uvm_test_top.env.apb_agt.sequencer STREAM:21726}
  CREATE_STREAM @23145000 {NAME:apb_drain_48_1 T:Transactions SCOPE:uvm_test_top.env.apb_agt.sequencer STREAM:21783}
  CREATE_STREAM @23165000 {NAME:apb_ctrl_reconf_48 T:Transactions SCOPE:uvm_test_top.env.apb_agt.sequencer STREAM:21834}
  CREATE_STREAM @23205000 {NAME:apb_irqen_reconf_48 T:Transactions SCOPE:uvm_test_top.env.apb_agt.sequencer STREAM:21889}
  CREATE_STREAM @23245000 {NAME:apb_status_mid_48 T:Transactions SCOPE:uvm_test_top.env.apb_agt.sequencer STREAM:21942}
  CREATE_STREAM @23285000 {NAME:apb_irq_mid_48 T:Transactions SCOPE:uvm_test_top.env.apb_agt.sequencer STREAM:21993}
  CREATE_STREAM @23365000 {NAME:rx_seq_b49 T:Transactions SCOPE:uvm_test_top.env.md_agt.sequencer STREAM:22080}
  CREATE_STREAM @23465000 {NAME:apb_drain_49_0 T:Transactions SCOPE:uvm_test_top.env.apb_agt.sequencer STREAM:22178}
  CREATE_STREAM @23695000 {NAME:apb_drain_49_1 T:Transactions SCOPE:uvm_test_top.env.apb_agt.sequencer STREAM:22259}
  CREATE_STREAM @23715000 {NAME:apb_ctrl_reconf_49 T:Transactions SCOPE:uvm_test_top.env.apb_agt.sequencer STREAM:22310}
  CREATE_STREAM @23765000 {NAME:apb_irqen_reconf_49 T:Transactions SCOPE:uvm_test_top.env.apb_agt.sequencer STREAM:22363}
  CREATE_STREAM @23805000 {NAME:apb_status_mid_49 T:Transactions SCOPE:uvm_test_top.env.apb_agt.sequencer STREAM:22416}
  CREATE_STREAM @23845000 {NAME:apb_irq_mid_49 T:Transactions SCOPE:uvm_test_top.env.apb_agt.sequencer STREAM:22467}
  CREATE_STREAM @23925000 {NAME:rx_seq_b50 T:Transactions SCOPE:uvm_test_top.env.md_agt.sequencer STREAM:22554}
  CREATE_STREAM @25355000 {NAME:apb_status_read T:Transactions SCOPE:uvm_test_top.env.apb_agt.sequencer STREAM:23632}
  CREATE_STREAM @25375000 {NAME:apb_irq_read T:Transactions SCOPE:uvm_test_top.env.apb_agt.sequencer STREAM:23687}
